2026-08-25 04:40:13 | INFO    | ======================================================================
2026-08-25 04:40:13 | INFO    | EXPERIMENT: gefl_gan_cifar10lt_proposed
2026-08-25 04:40:13 | INFO    | ======================================================================
2026-08-25 04:40:13 | DEBUG   | Full config: {"num_users": 10, "frac": 1.0, "num_models": 3, "dataset": "cifar10", "data_root": "./data", "img_size": null, "num_workers": 2, "noniid": true, "dir_param": 0.3, "imbalance_factor": 0.01, "max_per_class": null, "data_fraction": 0.5, "partition_seed": 0, "bs": 128, "local_bs": 128, "lr": 0.1, "momentum": 0.9, "weight_decay": 0.0, "optimizer": "sgd", "seed": 0, "num_experiment": 1, "device": "cuda", "gen_wu_epochs": 100, "epochs": 100, "local_ep": 1, "gen_local_ep": 5, "aid_by_gen": 1, "freeze_gen": 0, "synth_batch": 64, "target_ts": 1, "target_tr": 5, "gen_model": "gan", "latent_size": 50, "gen_lr": 0.001, "gen_lr_gan": 0.0002, "gen_lr_ddpm": 0.0001, "weight_decay_ddpm": 0.001, "gen_channels": 64, "dcgan_g_channels": 128, "dcgan_d_channels": 128, "b1": 0.5, "b2": 0.999, "n_feat": 64, "n_T": 200, "guide_w": 0.3, "target_models": "cnn_small,cnn_deep,mobilenet_lite", "gefl_f": 0, "fe_channels": 32, "fe_rounds": 50, "header_models": "header_small,header_deep,header_wide", "mechanism_a": 1, "mech_a_beta": 0.999, "mechanism_b": 1, "mech_b_ema_decay": 0.6, "mech_b_init_fidelity": 0.3, "mech_b_inv_freq_power": 1.0, "creff_feat_dim": 128, "creff_rounds": 15, "creff_synth_per_class": 100, "creff_head_retrain_steps": 300, "sample_test": 5, "eval_centralized_upper_bound": 1, "centralized_epochs": 20, "name": "gefl_gan_cifar10lt_proposed", "out_dir": "./logs", "ckpt_dir": "./checkpoint", "save_ckpt": 1, "wandb": 0, "wandb_proj_name": "gefl-classbalanced", "verbose": 1, "tensorboard": 0, "log_per_class": 1, "log_per_client": 0, "plot_every": 0, "save_synthetic_samples": 1, "show_plots": 0, "target_models_list": ["cnn_small", "cnn_deep", "mobilenet_lite"]}
2026-08-25 04:40:16 | INFO    | dataset=cifar10 classes=10 clients=10 imbalance_factor=0.010 dir_param=0.300 gen_model=gan mechanism_a=1 mechanism_b=1
2026-08-25 04:40:22 | INFO    | Saved data distribution plot
2026-08-25 04:40:22 | INFO    | warm-up: training shared gan generator for 100 rounds
2026-08-25 04:40:57 | DEBUG   | warm-up round 1/100 gen_loss=1.2268
2026-08-25 04:41:31 | DEBUG   | warm-up round 2/100 gen_loss=1.3250
2026-08-25 04:42:05 | DEBUG   | warm-up round 3/100 gen_loss=1.3611
2026-08-25 04:42:40 | DEBUG   | warm-up round 4/100 gen_loss=1.3167
2026-08-25 04:43:14 | DEBUG   | warm-up round 5/100 gen_loss=1.3356
2026-08-25 04:43:48 | DEBUG   | warm-up round 6/100 gen_loss=1.3284
2026-08-25 04:44:22 | DEBUG   | warm-up round 7/100 gen_loss=1.3118
2026-08-25 04:44:57 | DEBUG   | warm-up round 8/100 gen_loss=1.3146
2026-08-25 04:45:31 | DEBUG   | warm-up round 9/100 gen_loss=1.2897
2026-08-25 04:46:05 | DEBUG   | warm-up round 10/100 gen_loss=1.3189
2026-08-25 04:46:39 | DEBUG   | warm-up round 11/100 gen_loss=1.3369
2026-08-25 04:47:13 | DEBUG   | warm-up round 12/100 gen_loss=1.3933
2026-08-25 04:47:47 | DEBUG   | warm-up round 13/100 gen_loss=1.3362
2026-08-25 04:48:21 | DEBUG   | warm-up round 14/100 gen_loss=1.3320
2026-08-25 04:48:55 | DEBUG   | warm-up round 15/100 gen_loss=1.4361
2026-08-25 04:49:29 | DEBUG   | warm-up round 16/100 gen_loss=1.3845
2026-08-25 04:50:03 | DEBUG   | warm-up round 17/100 gen_loss=1.4213
2026-08-25 04:50:37 | DEBUG   | warm-up round 18/100 gen_loss=1.3996
2026-08-25 04:51:12 | DEBUG   | warm-up round 19/100 gen_loss=1.5796
2026-08-25 04:51:46 | DEBUG   | warm-up round 20/100 gen_loss=1.4539
2026-08-25 04:52:19 | DEBUG   | warm-up round 21/100 gen_loss=1.5475
2026-08-25 04:52:54 | DEBUG   | warm-up round 22/100 gen_loss=1.5613
2026-08-25 04:53:28 | DEBUG   | warm-up round 23/100 gen_loss=1.4721
2026-08-25 04:54:02 | DEBUG   | warm-up round 24/100 gen_loss=1.4978
2026-08-25 04:54:36 | DEBUG   | warm-up round 25/100 gen_loss=1.5829
2026-08-25 04:55:10 | DEBUG   | warm-up round 26/100 gen_loss=1.6157
2026-08-25 04:55:44 | DEBUG   | warm-up round 27/100 gen_loss=1.5576
2026-08-25 04:56:18 | DEBUG   | warm-up round 28/100 gen_loss=1.6723
2026-08-25 04:56:52 | DEBUG   | warm-up round 29/100 gen_loss=1.6824
2026-08-25 04:57:26 | DEBUG   | warm-up round 30/100 gen_loss=1.7267
2026-08-25 04:57:59 | DEBUG   | warm-up round 31/100 gen_loss=1.6123
2026-08-25 04:58:33 | DEBUG   | warm-up round 32/100 gen_loss=1.6484
2026-08-25 04:59:07 | DEBUG   | warm-up round 33/100 gen_loss=1.7004
2026-08-25 04:59:41 | DEBUG   | warm-up round 34/100 gen_loss=1.5142
2026-08-25 05:00:17 | DEBUG   | warm-up round 35/100 gen_loss=1.5830
2026-08-25 05:00:51 | DEBUG   | warm-up round 36/100 gen_loss=1.6631
2026-08-25 05:01:26 | DEBUG   | warm-up round 37/100 gen_loss=1.6585
2026-08-25 05:02:00 | DEBUG   | warm-up round 38/100 gen_loss=1.6785
2026-08-25 05:02:34 | DEBUG   | warm-up round 39/100 gen_loss=1.7350
2026-08-25 05:03:08 | DEBUG   | warm-up round 40/100 gen_loss=1.7074
2026-08-25 05:03:42 | DEBUG   | warm-up round 41/100 gen_loss=1.7512
2026-08-25 05:04:16 | DEBUG   | warm-up round 42/100 gen_loss=1.7944
2026-08-25 05:04:50 | DEBUG   | warm-up round 43/100 gen_loss=1.6893
2026-08-25 05:05:24 | DEBUG   | warm-up round 44/100 gen_loss=1.7236
2026-08-25 05:05:58 | DEBUG   | warm-up round 45/100 gen_loss=1.7791
2026-08-25 05:06:32 | DEBUG   | warm-up round 46/100 gen_loss=1.9711
2026-08-25 05:07:06 | DEBUG   | warm-up round 47/100 gen_loss=1.8045
2026-08-25 05:07:41 | DEBUG   | warm-up round 48/100 gen_loss=1.7945
2026-08-25 05:08:15 | DEBUG   | warm-up round 49/100 gen_loss=1.9986
2026-08-25 05:08:49 | DEBUG   | warm-up round 50/100 gen_loss=1.7405
2026-08-25 05:09:23 | DEBUG   | warm-up round 51/100 gen_loss=1.7147
2026-08-25 05:09:57 | DEBUG   | warm-up round 52/100 gen_loss=1.8483
2026-08-25 05:10:31 | DEBUG   | warm-up round 53/100 gen_loss=1.8041
2026-08-25 05:11:05 | DEBUG   | warm-up round 54/100 gen_loss=1.8484
2026-08-25 05:11:39 | DEBUG   | warm-up round 55/100 gen_loss=1.8053
2026-08-25 05:12:13 | DEBUG   | warm-up round 56/100 gen_loss=1.9118
2026-08-25 05:12:47 | DEBUG   | warm-up round 57/100 gen_loss=1.8281
2026-08-25 05:13:21 | DEBUG   | warm-up round 58/100 gen_loss=1.8490
2026-08-25 05:13:55 | DEBUG   | warm-up round 59/100 gen_loss=1.8961
2026-08-25 05:14:29 | DEBUG   | warm-up round 60/100 gen_loss=1.9608
2026-08-25 05:15:04 | DEBUG   | warm-up round 61/100 gen_loss=2.1646
2026-08-25 05:15:38 | DEBUG   | warm-up round 62/100 gen_loss=1.7935
2026-08-25 05:16:12 | DEBUG   | warm-up round 63/100 gen_loss=1.8370
2026-08-25 05:16:47 | DEBUG   | warm-up round 64/100 gen_loss=1.9264
2026-08-25 05:17:21 | DEBUG   | warm-up round 65/100 gen_loss=1.9186
2026-08-25 05:17:56 | DEBUG   | warm-up round 66/100 gen_loss=1.9595
2026-08-25 05:18:30 | DEBUG   | warm-up round 67/100 gen_loss=1.9449
2026-08-25 05:19:04 | DEBUG   | warm-up round 68/100 gen_loss=1.9933
2026-08-25 05:19:39 | DEBUG   | warm-up round 69/100 gen_loss=2.0984
2026-08-25 05:20:13 | DEBUG   | warm-up round 70/100 gen_loss=2.1321
2026-08-25 05:20:47 | DEBUG   | warm-up round 71/100 gen_loss=2.1386
2026-08-25 05:21:21 | DEBUG   | warm-up round 72/100 gen_loss=1.9508
2026-08-25 05:21:55 | DEBUG   | warm-up round 73/100 gen_loss=2.0359
2026-08-25 05:22:29 | DEBUG   | warm-up round 74/100 gen_loss=2.1149
2026-08-25 05:23:03 | DEBUG   | warm-up round 75/100 gen_loss=2.1169
2026-08-25 05:23:38 | DEBUG   | warm-up round 76/100 gen_loss=1.9785
2026-08-25 05:24:11 | DEBUG   | warm-up round 77/100 gen_loss=1.8669
2026-08-25 05:24:45 | DEBUG   | warm-up round 78/100 gen_loss=1.9476
2026-08-25 05:25:19 | DEBUG   | warm-up round 79/100 gen_loss=2.0265
2026-08-25 05:25:53 | DEBUG   | warm-up round 80/100 gen_loss=2.1178
2026-08-25 05:26:27 | DEBUG   | warm-up round 81/100 gen_loss=2.0531
2026-08-25 05:27:01 | DEBUG   | warm-up round 82/100 gen_loss=2.1282
2026-08-25 05:27:35 | DEBUG   | warm-up round 83/100 gen_loss=2.5456
2026-08-25 05:28:09 | DEBUG   | warm-up round 84/100 gen_loss=2.1124
2026-08-25 05:28:43 | DEBUG   | warm-up round 85/100 gen_loss=1.8643
2026-08-25 05:29:17 | DEBUG   | warm-up round 86/100 gen_loss=1.9456
2026-08-25 05:29:50 | DEBUG   | warm-up round 87/100 gen_loss=1.9486
2026-08-25 05:30:25 | DEBUG   | warm-up round 88/100 gen_loss=1.9840
2026-08-25 05:30:59 | DEBUG   | warm-up round 89/100 gen_loss=2.0198
2026-08-25 05:31:33 | DEBUG   | warm-up round 90/100 gen_loss=2.1210
2026-08-25 05:32:07 | DEBUG   | warm-up round 91/100 gen_loss=2.1424
2026-08-25 05:32:41 | DEBUG   | warm-up round 92/100 gen_loss=2.0900
2026-08-25 05:33:15 | DEBUG   | warm-up round 93/100 gen_loss=2.1339
2026-08-25 05:33:49 | DEBUG   | warm-up round 94/100 gen_loss=2.2586
2026-08-25 05:34:22 | DEBUG   | warm-up round 95/100 gen_loss=2.1080
2026-08-25 05:34:56 | DEBUG   | warm-up round 96/100 gen_loss=2.1142
2026-08-25 05:35:30 | DEBUG   | warm-up round 97/100 gen_loss=2.2215
2026-08-25 05:36:04 | DEBUG   | warm-up round 98/100 gen_loss=2.2379
2026-08-25 05:36:39 | DEBUG   | warm-up round 99/100 gen_loss=2.0592
2026-08-25 05:37:12 | DEBUG   | warm-up round 100/100 gen_loss=2.0838
2026-08-25 05:37:12 | DEBUG   | Round 1 started
2026-08-25 05:38:13 | DEBUG   | Round 2 started
2026-08-25 05:39:13 | DEBUG   | Round 3 started
2026-08-25 05:40:12 | DEBUG   | Round 4 started
2026-08-25 05:41:11 | DEBUG   | Round 5 started
2026-08-25 05:43:19 | DEBUG   | Generator quality metrics failed: name 'generator_quality_metrics' is not defined
2026-08-25 05:43:19 | INFO    | step=5  round=5  train_loss=1.4324  gen_loss=1.9603  acc_overall=0.1211  acc_head=0.3097  acc_medium=0.0941  acc_tail=0.0000  macro_f1=0.0507  class_balanced_accuracy=0.1211  mean_fidelity=0.1652  gen_time=34.3800  target_time=24.2640  eval_time=69.1930  wall_time=3786.3000
2026-08-25 05:43:21 | DEBUG   | Round 6 started
2026-08-25 05:44:20 | DEBUG   | Round 7 started
2026-08-25 05:45:20 | DEBUG   | Round 8 started
2026-08-25 05:46:20 | DEBUG   | Round 9 started
2026-08-25 05:47:20 | DEBUG   | Round 10 started
2026-08-25 05:49:28 | DEBUG   | Generator quality metrics failed: name 'generator_quality_metrics' is not defined
2026-08-25 05:49:28 | INFO    | step=10  round=10  train_loss=1.5196  gen_loss=2.0835  acc_overall=0.1325  acc_head=0.3216  acc_medium=0.1201  acc_tail=0.0000  macro_f1=0.0516  class_balanced_accuracy=0.1325  mean_fidelity=0.2002  gen_time=33.9610  target_time=24.5580  eval_time=69.5310  wall_time=4154.8000
2026-08-25 05:49:29 | DEBUG   | Round 11 started
2026-08-25 05:50:29 | DEBUG   | Round 12 started
2026-08-25 05:51:29 | DEBUG   | Round 13 started
2026-08-25 05:52:28 | DEBUG   | Round 14 started
2026-08-25 05:53:28 | DEBUG   | Round 15 started
2026-08-25 05:55:35 | DEBUG   | Generator quality metrics failed: name 'generator_quality_metrics' is not defined
2026-08-25 05:55:35 | INFO    | step=15  round=15  train_loss=1.4518  gen_loss=2.3291  acc_overall=0.1376  acc_head=0.3201  acc_medium=0.1387  acc_tail=0.0000  macro_f1=0.0616  class_balanced_accuracy=0.1376  mean_fidelity=0.2153  gen_time=33.9320  target_time=24.4570  eval_time=68.9810  wall_time=4522.5000
2026-08-25 05:55:37 | DEBUG   | Round 16 started
2026-08-25 05:56:36 | DEBUG   | Round 17 started
2026-08-25 05:57:35 | DEBUG   | Round 18 started
2026-08-25 05:58:34 | DEBUG   | Round 19 started
2026-08-25 05:59:33 | DEBUG   | Round 20 started
2026-08-25 06:01:41 | DEBUG   | Generator quality metrics failed: name 'generator_quality_metrics' is not defined
2026-08-25 06:01:41 | INFO    | step=20  round=20  train_loss=1.2777  gen_loss=2.2365  acc_overall=0.1532  acc_head=0.3546  acc_medium=0.1561  acc_tail=0.0000  macro_f1=0.0803  class_balanced_accuracy=0.1532  mean_fidelity=0.2853  gen_time=35.3750  target_time=24.2650  eval_time=68.4910  wall_time=4888.3000
2026-08-25 06:01:43 | DEBUG   | Round 21 started
2026-08-25 06:02:42 | DEBUG   | Round 22 started
2026-08-25 06:03:41 | DEBUG   | Round 23 started
2026-08-25 06:04:41 | DEBUG   | Round 24 started
2026-08-25 06:05:40 | DEBUG   | Round 25 started
2026-08-25 06:07:48 | DEBUG   | Generator quality metrics failed: name 'generator_quality_metrics' is not defined
2026-08-25 06:07:48 | INFO    | step=25  round=25  train_loss=1.2049  gen_loss=2.3132  acc_overall=0.1707  acc_head=0.4004  acc_medium=0.1676  acc_tail=0.0009  macro_f1=0.0924  class_balanced_accuracy=0.1707  mean_fidelity=0.3447  gen_time=33.9570  target_time=24.2840  eval_time=69.2950  wall_time=5254.8000
2026-08-25 06:07:49 | DEBUG   | Round 26 started
2026-08-25 06:08:49 | DEBUG   | Round 27 started
2026-08-25 06:09:48 | DEBUG   | Round 28 started
2026-08-25 06:10:48 | DEBUG   | Round 29 started
2026-08-25 06:11:48 | DEBUG   | Round 30 started
2026-08-25 06:13:57 | DEBUG   | Generator quality metrics failed: name 'generator_quality_metrics' is not defined
2026-08-25 06:13:57 | INFO    | step=30  round=30  train_loss=1.2055  gen_loss=2.2784  acc_overall=0.1700  acc_head=0.4368  acc_medium=0.1285  acc_tail=0.0011  macro_f1=0.0932  class_balanced_accuracy=0.1700  mean_fidelity=0.3881  gen_time=34.1160  target_time=24.5590  eval_time=69.7740  wall_time=5624.0000
2026-08-25 06:13:58 | DEBUG   | Round 31 started
2026-08-25 06:14:59 | DEBUG   | Round 32 started
2026-08-25 06:15:58 | DEBUG   | Round 33 started
2026-08-25 06:16:59 | DEBUG   | Round 34 started
2026-08-25 06:17:59 | DEBUG   | Round 35 started
2026-08-25 06:20:07 | DEBUG   | Generator quality metrics failed: name 'generator_quality_metrics' is not defined
2026-08-25 06:20:07 | INFO    | step=35  round=35  train_loss=1.1627  gen_loss=2.3220  acc_overall=0.1681  acc_head=0.4159  acc_medium=0.1242  acc_tail=0.0151  macro_f1=0.0958  class_balanced_accuracy=0.1681  mean_fidelity=0.4141  gen_time=34.2520  target_time=24.6010  eval_time=69.3690  wall_time=5994.4000
2026-08-25 06:20:09 | DEBUG   | Round 36 started
2026-08-25 06:21:09 | DEBUG   | Round 37 started
2026-08-25 06:22:13 | DEBUG   | Round 38 started
2026-08-25 06:23:19 | DEBUG   | Round 39 started
2026-08-25 06:24:25 | DEBUG   | Round 40 started
2026-08-25 06:26:42 | DEBUG   | Generator quality metrics failed: name 'generator_quality_metrics' is not defined
2026-08-25 06:26:42 | INFO    | step=40  round=40  train_loss=1.1665  gen_loss=2.5838  acc_overall=0.1819  acc_head=0.4036  acc_medium=0.2004  acc_tail=0.0016  macro_f1=0.1009  class_balanced_accuracy=0.1819  mean_fidelity=0.3944  gen_time=36.7870  target_time=26.7220  eval_time=73.2520  wall_time=6389.0000
2026-08-25 06:26:43 | DEBUG   | Round 41 started
2026-08-25 06:27:43 | DEBUG   | Round 42 started
2026-08-25 06:28:43 | DEBUG   | Round 43 started
2026-08-25 06:29:42 | DEBUG   | Round 44 started
2026-08-25 06:30:42 | DEBUG   | Round 45 started
2026-08-25 06:32:49 | DEBUG   | Generator quality metrics failed: name 'generator_quality_metrics' is not defined
2026-08-25 06:32:49 | INFO    | step=45  round=45  train_loss=1.1292  gen_loss=2.2600  acc_overall=0.1799  acc_head=0.4469  acc_medium=0.1362  acc_tail=0.0125  macro_f1=0.1017  class_balanced_accuracy=0.1799  mean_fidelity=0.4106  gen_time=33.9750  target_time=24.2730  eval_time=69.1600  wall_time=6756.2000
2026-08-25 06:32:50 | DEBUG   | Round 46 started
2026-08-25 06:33:49 | DEBUG   | Round 47 started
2026-08-25 06:34:49 | DEBUG   | Round 48 started
2026-08-25 06:35:48 | DEBUG   | Round 49 started
2026-08-25 06:36:47 | DEBUG   | Round 50 started
2026-08-25 06:38:58 | DEBUG   | Generator quality metrics failed: name 'generator_quality_metrics' is not defined
2026-08-25 06:38:58 | INFO    | step=50  round=50  train_loss=1.1402  gen_loss=2.3390  acc_overall=0.1870  acc_head=0.3928  acc_medium=0.2056  acc_tail=0.0185  macro_f1=0.1171  class_balanced_accuracy=0.1870  mean_fidelity=0.4395  gen_time=34.2920  target_time=24.1910  eval_time=71.7520  wall_time=7124.7000
2026-08-25 06:38:59 | DEBUG   | Round 51 started
2026-08-25 06:40:01 | DEBUG   | Round 52 started
2026-08-25 06:41:00 | DEBUG   | Round 53 started
2026-08-25 06:41:59 | DEBUG   | Round 54 started
2026-08-25 06:42:59 | DEBUG   | Round 55 started
2026-08-25 06:45:06 | DEBUG   | Generator quality metrics failed: name 'generator_quality_metrics' is not defined
2026-08-25 06:45:06 | INFO    | step=55  round=55  train_loss=0.9995  gen_loss=2.5832  acc_overall=0.1946  acc_head=0.4567  acc_medium=0.1644  acc_tail=0.0206  macro_f1=0.1184  class_balanced_accuracy=0.1946  mean_fidelity=0.4865  gen_time=34.2130  target_time=24.1040  eval_time=69.4810  wall_time=7493.4000
2026-08-25 06:45:07 | DEBUG   | Round 56 started
2026-08-25 06:46:07 | DEBUG   | Round 57 started
2026-08-25 06:47:06 | DEBUG   | Round 58 started
2026-08-25 06:48:07 | DEBUG   | Round 59 started
2026-08-25 06:49:08 | DEBUG   | Round 60 started
2026-08-25 06:51:16 | DEBUG   | Generator quality metrics failed: name 'generator_quality_metrics' is not defined
2026-08-25 06:51:16 | INFO    | step=60  round=60  train_loss=0.9327  gen_loss=2.3495  acc_overall=0.1907  acc_head=0.4200  acc_medium=0.1992  acc_tail=0.0124  macro_f1=0.1160  class_balanced_accuracy=0.1907  mean_fidelity=0.5247  gen_time=34.1210  target_time=24.4690  eval_time=69.8120  wall_time=7863.2000
2026-08-25 06:51:17 | DEBUG   | Round 61 started
2026-08-25 06:52:17 | DEBUG   | Round 62 started
2026-08-25 06:53:15 | DEBUG   | Round 63 started
2026-08-25 06:54:15 | DEBUG   | Round 64 started
2026-08-25 06:55:14 | DEBUG   | Round 65 started
2026-08-25 06:57:23 | DEBUG   | Generator quality metrics failed: name 'generator_quality_metrics' is not defined
2026-08-25 06:57:23 | INFO    | step=65  round=65  train_loss=0.9387  gen_loss=2.5117  acc_overall=0.1973  acc_head=0.4419  acc_medium=0.1910  acc_tail=0.0186  macro_f1=0.1260  class_balanced_accuracy=0.1973  mean_fidelity=0.5174  gen_time=34.2900  target_time=24.3960  eval_time=69.8490  wall_time=8230.0000
2026-08-25 06:57:24 | DEBUG   | Round 66 started
2026-08-25 06:58:23 | DEBUG   | Round 67 started
2026-08-25 06:59:22 | DEBUG   | Round 68 started
2026-08-25 07:00:23 | DEBUG   | Round 69 started
2026-08-25 07:01:23 | DEBUG   | Round 70 started
2026-08-25 07:03:30 | DEBUG   | Generator quality metrics failed: name 'generator_quality_metrics' is not defined
2026-08-25 07:03:30 | INFO    | step=70  round=70  train_loss=0.9397  gen_loss=2.5861  acc_overall=0.1955  acc_head=0.4339  acc_medium=0.1752  acc_tail=0.0319  macro_f1=0.1210  class_balanced_accuracy=0.1955  mean_fidelity=0.5130  gen_time=34.0060  target_time=24.1910  eval_time=69.2080  wall_time=8597.5000
2026-08-25 07:03:32 | DEBUG   | Round 71 started
2026-08-25 07:04:31 | DEBUG   | Round 72 started
2026-08-25 07:05:30 | DEBUG   | Round 73 started
2026-08-25 07:06:30 | DEBUG   | Round 74 started
2026-08-25 07:07:30 | DEBUG   | Round 75 started
2026-08-25 07:09:39 | DEBUG   | Generator quality metrics failed: name 'generator_quality_metrics' is not defined
2026-08-25 07:09:39 | INFO    | step=75  round=75  train_loss=0.9079  gen_loss=2.4274  acc_overall=0.1955  acc_head=0.4243  acc_medium=0.2093  acc_tail=0.0137  macro_f1=0.1226  class_balanced_accuracy=0.1955  mean_fidelity=0.5045  gen_time=34.1670  target_time=24.3050  eval_time=70.0080  wall_time=8965.8000
2026-08-25 07:09:40 | DEBUG   | Round 76 started
2026-08-25 07:10:41 | DEBUG   | Round 77 started
2026-08-25 07:11:41 | DEBUG   | Round 78 started
2026-08-25 07:12:41 | DEBUG   | Round 79 started
2026-08-25 07:13:41 | DEBUG   | Round 80 started
2026-08-25 07:15:50 | DEBUG   | Generator quality metrics failed: name 'generator_quality_metrics' is not defined
2026-08-25 07:15:50 | INFO    | step=80  round=80  train_loss=0.9135  gen_loss=2.5722  acc_overall=0.1985  acc_head=0.4317  acc_medium=0.1961  acc_tail=0.0253  macro_f1=0.1298  class_balanced_accuracy=0.1985  mean_fidelity=0.5324  gen_time=34.3780  target_time=25.2230  eval_time=69.7590  wall_time=9337.3000
2026-08-25 07:15:51 | DEBUG   | Round 81 started
2026-08-25 07:16:51 | DEBUG   | Round 82 started
2026-08-25 07:17:51 | DEBUG   | Round 83 started
2026-08-25 07:18:51 | DEBUG   | Round 84 started
2026-08-25 07:19:52 | DEBUG   | Round 85 started
2026-08-25 07:22:01 | DEBUG   | Generator quality metrics failed: name 'generator_quality_metrics' is not defined
2026-08-25 07:22:01 | INFO    | step=85  round=85  train_loss=0.9480  gen_loss=2.9880  acc_overall=0.1970  acc_head=0.4363  acc_medium=0.1748  acc_tail=0.0342  macro_f1=0.1255  class_balanced_accuracy=0.1970  mean_fidelity=0.5313  gen_time=35.0840  target_time=24.6570  eval_time=69.2970  wall_time=9707.8000
2026-08-25 07:22:02 | DEBUG   | Round 86 started
2026-08-25 07:23:02 | DEBUG   | Round 87 started
2026-08-25 07:24:02 | DEBUG   | Round 88 started
2026-08-25 07:25:03 | DEBUG   | Round 89 started
2026-08-25 07:26:03 | DEBUG   | Round 90 started
2026-08-25 07:28:11 | DEBUG   | Generator quality metrics failed: name 'generator_quality_metrics' is not defined
2026-08-25 07:28:11 | INFO    | step=90  round=90  train_loss=0.8595  gen_loss=2.5687  acc_overall=0.2030  acc_head=0.4350  acc_medium=0.2019  acc_tail=0.0298  macro_f1=0.1363  class_balanced_accuracy=0.2030  mean_fidelity=0.5657  gen_time=34.0860  target_time=24.2310  eval_time=69.6650  wall_time=10077.6000
2026-08-25 07:28:12 | DEBUG   | Round 91 started
2026-08-25 07:29:11 | DEBUG   | Round 92 started
2026-08-25 07:30:12 | DEBUG   | Round 93 started
2026-08-25 07:31:12 | DEBUG   | Round 94 started
2026-08-25 07:32:12 | DEBUG   | Round 95 started
2026-08-25 07:34:21 | DEBUG   | Generator quality metrics failed: name 'generator_quality_metrics' is not defined
2026-08-25 07:34:21 | INFO    | step=95  round=95  train_loss=0.8697  gen_loss=2.6992  acc_overall=0.1997  acc_head=0.4204  acc_medium=0.2174  acc_tail=0.0210  macro_f1=0.1311  class_balanced_accuracy=0.1997  mean_fidelity=0.5526  gen_time=34.1190  target_time=24.3320  eval_time=70.2080  wall_time=10447.6000
2026-08-25 07:34:22 | DEBUG   | Round 96 started
2026-08-25 07:35:23 | DEBUG   | Round 97 started
2026-08-25 07:36:23 | DEBUG   | Round 98 started
2026-08-25 07:37:22 | DEBUG   | Round 99 started
2026-08-25 07:38:22 | DEBUG   | Round 100 started
2026-08-25 07:40:31 | DEBUG   | Generator quality metrics failed: name 'generator_quality_metrics' is not defined
2026-08-25 07:40:31 | INFO    | step=100  round=100  train_loss=0.8564  gen_loss=2.3882  acc_overall=0.2005  acc_head=0.4093  acc_medium=0.2122  acc_tail=0.0351  macro_f1=0.1314  class_balanced_accuracy=0.2005  mean_fidelity=0.5197  gen_time=34.5870  target_time=24.1100  eval_time=70.5030  wall_time=10818.2000
2026-08-25 07:49:09 | INFO    | centralized upper bound: {'head': 0.6996666666666668, 'medium': 0.48900000000000005, 'tail': 0.73925, 'overall': 0.6523}
2026-08-25 07:49:09 | INFO    | centralized-vs-federated gap: {'head': 0.2904, 'medium': 0.2768, 'tail': 0.7041, 'overall': 0.4518}
2026-08-25 07:49:10 | INFO    | MND privacy ratio: 0.7818 (< 1 = good generalization, > 1 = potential memorization)
2026-08-25 07:50:21 | INFO    | ======================================================================
2026-08-25 07:50:21 | INFO    | EXPERIMENT SUMMARY
2026-08-25 07:50:21 | INFO    | ======================================================================
2026-08-25 07:50:21 | INFO    |   acc_overall                     0.2005
2026-08-25 07:50:21 | INFO    |   acc_head                        0.4093
2026-08-25 07:50:21 | INFO    |   acc_medium                      0.2122
2026-08-25 07:50:21 | INFO    |   acc_tail                        0.0351
2026-08-25 07:50:21 | INFO    |   macro_f1                        0.1314
2026-08-25 07:50:21 | INFO    |   class_balanced_accuracy         0.2005
2026-08-25 07:50:21 | INFO    |   train_loss                      0.8564
2026-08-25 07:50:21 | INFO    |   mnd_ratio                       0.7818
2026-08-25 07:50:21 | INFO    |   centralized_gap                 {'head': '0.2904', 'medium': '0.2768', 'tail': '0.7041', 'overall': '0.4518'}
2026-08-25 07:50:21 | INFO    |   total_time_s                    7988.8000
2026-08-25 07:50:21 | INFO    | ======================================================================
2026-08-25 07:50:21 | INFO    | Logs saved: CSV=./logs\gefl_gan_cifar10lt_proposed_1787613013.csv  JSONL=./logs\gefl_gan_cifar10lt_proposed_metrics.jsonl
