2026-08-24 18:17:21 | INFO    | ======================================================================
2026-08-24 18:17:21 | INFO    | EXPERIMENT: gefl_cifar10lt_baseline
2026-08-24 18:17:21 | INFO    | ======================================================================
2026-08-24 18:17:21 | DEBUG   | Full config: {"num_users": 10, "frac": 1.0, "num_models": 3, "dataset": "cifar10", "data_root": "./data", "img_size": null, "num_workers": 2, "noniid": true, "dir_param": 0.3, "imbalance_factor": 0.01, "max_per_class": null, "data_fraction": 0.5, "partition_seed": 0, "bs": 128, "local_bs": 128, "lr": 0.1, "momentum": 0.9, "weight_decay": 0.0, "optimizer": "sgd", "seed": 0, "num_experiment": 1, "device": "cuda", "gen_wu_epochs": 2, "epochs": 2, "local_ep": 1, "gen_local_ep": 5, "aid_by_gen": 1, "freeze_gen": 0, "synth_batch": 64, "target_ts": 1, "target_tr": 5, "gen_model": "vae", "latent_size": 50, "gen_lr": 0.001, "gen_lr_gan": 0.0002, "gen_lr_ddpm": 0.0001, "weight_decay_ddpm": 0.001, "gen_channels": 64, "dcgan_g_channels": 128, "dcgan_d_channels": 128, "b1": 0.5, "b2": 0.999, "n_feat": 64, "n_T": 200, "guide_w": 0.3, "target_models": "cnn_small,cnn_deep,mobilenet_lite", "gefl_f": 0, "fe_channels": 32, "fe_rounds": 50, "header_models": "header_small,header_deep,header_wide", "mechanism_a": 0, "mech_a_beta": 0.999, "mechanism_b": 0, "mech_b_ema_decay": 0.6, "mech_b_init_fidelity": 0.15, "mech_b_inv_freq_power": 1.0, "creff_feat_dim": 128, "creff_rounds": 15, "creff_synth_per_class": 100, "creff_head_retrain_steps": 300, "sample_test": 5, "eval_centralized_upper_bound": 1, "centralized_epochs": 20, "name": "gefl_cifar10lt_baseline", "out_dir": "./logs", "ckpt_dir": "./checkpoint", "save_ckpt": 1, "wandb": 0, "wandb_proj_name": "gefl-classbalanced", "verbose": 1, "tensorboard": 0, "log_per_class": 1, "log_per_client": 0, "plot_every": 0, "save_synthetic_samples": 1, "show_plots": 0, "target_models_list": ["cnn_small", "cnn_deep", "mobilenet_lite"]}
2026-08-24 18:17:25 | INFO    | dataset=cifar10 classes=10 clients=10 imbalance_factor=0.010 dir_param=0.300 gen_model=vae mechanism_a=0 mechanism_b=0
2026-08-24 18:17:35 | INFO    | Saved data distribution plot
2026-08-24 18:17:35 | INFO    | warm-up: training shared vae generator for 2 rounds
2026-08-24 18:18:11 | DEBUG   | warm-up round 1/2 gen_loss=0.7278
2026-08-24 18:18:43 | DEBUG   | warm-up round 2/2 gen_loss=0.5297
2026-08-24 18:18:43 | DEBUG   | Round 1 started
2026-08-24 18:19:21 | INFO    | ======================================================================
2026-08-24 18:19:21 | INFO    | EXPERIMENT: gefl_cifar10lt_baseline
2026-08-24 18:19:21 | INFO    | ======================================================================
2026-08-24 18:19:21 | DEBUG   | Full config: {"num_users": 10, "frac": 1.0, "num_models": 3, "dataset": "cifar10", "data_root": "./data", "img_size": null, "num_workers": 2, "noniid": true, "dir_param": 0.3, "imbalance_factor": 0.01, "max_per_class": null, "data_fraction": 0.5, "partition_seed": 0, "bs": 128, "local_bs": 128, "lr": 0.1, "momentum": 0.9, "weight_decay": 0.0, "optimizer": "sgd", "seed": 0, "num_experiment": 1, "device": "cuda", "gen_wu_epochs": 100, "epochs": 100, "local_ep": 1, "gen_local_ep": 5, "aid_by_gen": 1, "freeze_gen": 0, "synth_batch": 64, "target_ts": 1, "target_tr": 5, "gen_model": "vae", "latent_size": 50, "gen_lr": 0.001, "gen_lr_gan": 0.0002, "gen_lr_ddpm": 0.0001, "weight_decay_ddpm": 0.001, "gen_channels": 64, "dcgan_g_channels": 128, "dcgan_d_channels": 128, "b1": 0.5, "b2": 0.999, "n_feat": 64, "n_T": 200, "guide_w": 0.3, "target_models": "cnn_small,cnn_deep,mobilenet_lite", "gefl_f": 0, "fe_channels": 32, "fe_rounds": 50, "header_models": "header_small,header_deep,header_wide", "mechanism_a": 0, "mech_a_beta": 0.999, "mechanism_b": 0, "mech_b_ema_decay": 0.6, "mech_b_init_fidelity": 0.15, "mech_b_inv_freq_power": 1.0, "creff_feat_dim": 128, "creff_rounds": 15, "creff_synth_per_class": 100, "creff_head_retrain_steps": 300, "sample_test": 5, "eval_centralized_upper_bound": 1, "centralized_epochs": 20, "name": "gefl_cifar10lt_baseline", "out_dir": "./logs", "ckpt_dir": "./checkpoint", "save_ckpt": 1, "wandb": 0, "wandb_proj_name": "gefl-classbalanced", "verbose": 1, "tensorboard": 0, "log_per_class": 1, "log_per_client": 0, "plot_every": 0, "save_synthetic_samples": 1, "show_plots": 0, "target_models_list": ["cnn_small", "cnn_deep", "mobilenet_lite"]}
2026-08-24 18:19:25 | INFO    | dataset=cifar10 classes=10 clients=10 imbalance_factor=0.010 dir_param=0.300 gen_model=vae mechanism_a=0 mechanism_b=0
2026-08-24 18:19:33 | INFO    | Saved data distribution plot
2026-08-24 18:19:33 | INFO    | warm-up: training shared vae generator for 100 rounds
2026-08-24 18:20:06 | DEBUG   | warm-up round 1/100 gen_loss=0.7278
2026-08-24 18:20:34 | DEBUG   | warm-up round 2/100 gen_loss=0.5297
2026-08-24 18:21:02 | DEBUG   | warm-up round 3/100 gen_loss=0.4783
2026-08-24 18:21:30 | DEBUG   | warm-up round 4/100 gen_loss=0.4492
2026-08-24 18:21:56 | DEBUG   | warm-up round 5/100 gen_loss=0.4336
2026-08-24 18:22:22 | DEBUG   | warm-up round 6/100 gen_loss=0.4236
2026-08-24 18:22:43 | DEBUG   | warm-up round 7/100 gen_loss=0.4175
2026-08-24 18:23:04 | DEBUG   | warm-up round 8/100 gen_loss=0.4099
2026-08-24 18:23:25 | DEBUG   | warm-up round 9/100 gen_loss=0.4028
2026-08-24 18:23:48 | DEBUG   | warm-up round 10/100 gen_loss=0.3987
2026-08-24 18:24:13 | DEBUG   | warm-up round 11/100 gen_loss=0.3971
2026-08-24 18:24:37 | DEBUG   | warm-up round 12/100 gen_loss=0.3980
2026-08-24 18:25:03 | DEBUG   | warm-up round 13/100 gen_loss=0.3862
2026-08-24 18:25:29 | DEBUG   | warm-up round 14/100 gen_loss=0.3872
2026-08-24 18:25:54 | DEBUG   | warm-up round 15/100 gen_loss=0.3853
2026-08-24 18:26:18 | DEBUG   | warm-up round 16/100 gen_loss=0.3876
2026-08-24 18:26:44 | DEBUG   | warm-up round 17/100 gen_loss=0.3806
2026-08-24 18:27:12 | DEBUG   | warm-up round 18/100 gen_loss=0.3820
2026-08-24 18:27:41 | DEBUG   | warm-up round 19/100 gen_loss=0.3820
2026-08-24 18:28:06 | DEBUG   | warm-up round 20/100 gen_loss=0.3783
2026-08-24 18:28:31 | DEBUG   | warm-up round 21/100 gen_loss=0.3768
2026-08-24 18:28:57 | DEBUG   | warm-up round 22/100 gen_loss=0.3815
2026-08-24 18:29:21 | DEBUG   | warm-up round 23/100 gen_loss=0.3773
2026-08-24 18:29:47 | DEBUG   | warm-up round 24/100 gen_loss=0.3751
2026-08-24 18:30:12 | DEBUG   | warm-up round 25/100 gen_loss=0.3749
2026-08-24 18:30:37 | DEBUG   | warm-up round 26/100 gen_loss=0.3746
2026-08-24 18:31:02 | DEBUG   | warm-up round 27/100 gen_loss=0.3706
2026-08-24 18:31:26 | DEBUG   | warm-up round 28/100 gen_loss=0.3674
2026-08-24 18:31:50 | DEBUG   | warm-up round 29/100 gen_loss=0.3683
2026-08-24 18:32:15 | DEBUG   | warm-up round 30/100 gen_loss=0.3667
2026-08-24 18:32:39 | DEBUG   | warm-up round 31/100 gen_loss=0.3634
2026-08-24 18:33:03 | DEBUG   | warm-up round 32/100 gen_loss=0.3653
2026-08-24 18:33:27 | DEBUG   | warm-up round 33/100 gen_loss=0.3670
2026-08-24 18:33:50 | DEBUG   | warm-up round 34/100 gen_loss=0.3670
2026-08-24 18:34:10 | DEBUG   | warm-up round 35/100 gen_loss=0.3637
2026-08-24 18:34:32 | DEBUG   | warm-up round 36/100 gen_loss=0.3642
2026-08-24 18:34:54 | DEBUG   | warm-up round 37/100 gen_loss=0.3649
2026-08-24 18:35:17 | DEBUG   | warm-up round 38/100 gen_loss=0.3600
2026-08-24 18:35:38 | DEBUG   | warm-up round 39/100 gen_loss=0.3614
2026-08-24 18:35:59 | DEBUG   | warm-up round 40/100 gen_loss=0.3584
2026-08-24 18:36:21 | DEBUG   | warm-up round 41/100 gen_loss=0.3594
2026-08-24 18:36:42 | DEBUG   | warm-up round 42/100 gen_loss=0.3611
2026-08-24 18:37:03 | DEBUG   | warm-up round 43/100 gen_loss=0.3573
2026-08-24 18:37:24 | DEBUG   | warm-up round 44/100 gen_loss=0.3575
2026-08-24 18:37:45 | DEBUG   | warm-up round 45/100 gen_loss=0.3557
2026-08-24 18:38:06 | DEBUG   | warm-up round 46/100 gen_loss=0.3526
2026-08-24 18:38:26 | DEBUG   | warm-up round 47/100 gen_loss=0.3565
2026-08-24 18:38:48 | DEBUG   | warm-up round 48/100 gen_loss=0.3607
2026-08-24 18:39:10 | DEBUG   | warm-up round 49/100 gen_loss=0.3549
2026-08-24 18:39:31 | DEBUG   | warm-up round 50/100 gen_loss=0.3552
2026-08-24 18:39:52 | DEBUG   | warm-up round 51/100 gen_loss=0.3544
2026-08-24 18:40:14 | DEBUG   | warm-up round 52/100 gen_loss=0.3521
2026-08-24 18:40:35 | DEBUG   | warm-up round 53/100 gen_loss=0.3520
2026-08-24 18:40:56 | DEBUG   | warm-up round 54/100 gen_loss=0.3526
2026-08-24 18:41:18 | DEBUG   | warm-up round 55/100 gen_loss=0.3518
2026-08-24 18:41:39 | DEBUG   | warm-up round 56/100 gen_loss=0.3525
2026-08-24 18:42:00 | DEBUG   | warm-up round 57/100 gen_loss=0.3523
2026-08-24 18:42:21 | DEBUG   | warm-up round 58/100 gen_loss=0.3499
2026-08-24 18:42:42 | DEBUG   | warm-up round 59/100 gen_loss=0.3509
2026-08-24 18:43:04 | DEBUG   | warm-up round 60/100 gen_loss=0.3518
2026-08-24 18:43:26 | DEBUG   | warm-up round 61/100 gen_loss=0.3506
2026-08-24 18:43:47 | DEBUG   | warm-up round 62/100 gen_loss=0.3488
2026-08-24 18:44:08 | DEBUG   | warm-up round 63/100 gen_loss=0.3500
2026-08-24 18:44:30 | DEBUG   | warm-up round 64/100 gen_loss=0.3493
2026-08-24 18:44:51 | DEBUG   | warm-up round 65/100 gen_loss=0.3481
2026-08-24 18:45:12 | DEBUG   | warm-up round 66/100 gen_loss=0.3464
2026-08-24 18:45:33 | DEBUG   | warm-up round 67/100 gen_loss=0.3498
2026-08-24 18:45:54 | DEBUG   | warm-up round 68/100 gen_loss=0.3474
2026-08-24 18:46:16 | DEBUG   | warm-up round 69/100 gen_loss=0.3469
2026-08-24 18:46:37 | DEBUG   | warm-up round 70/100 gen_loss=0.3455
2026-08-24 18:46:58 | DEBUG   | warm-up round 71/100 gen_loss=0.3486
2026-08-24 18:47:20 | DEBUG   | warm-up round 72/100 gen_loss=0.3463
2026-08-24 18:47:42 | DEBUG   | warm-up round 73/100 gen_loss=0.3477
2026-08-24 18:48:04 | DEBUG   | warm-up round 74/100 gen_loss=0.3481
2026-08-24 18:48:25 | DEBUG   | warm-up round 75/100 gen_loss=0.3449
2026-08-24 18:48:47 | DEBUG   | warm-up round 76/100 gen_loss=0.3443
2026-08-24 18:49:08 | DEBUG   | warm-up round 77/100 gen_loss=0.3469
2026-08-24 18:49:28 | DEBUG   | warm-up round 78/100 gen_loss=0.3447
2026-08-24 18:49:50 | DEBUG   | warm-up round 79/100 gen_loss=0.3446
2026-08-24 18:50:11 | DEBUG   | warm-up round 80/100 gen_loss=0.3514
2026-08-24 18:50:33 | DEBUG   | warm-up round 81/100 gen_loss=0.3453
2026-08-24 18:50:54 | DEBUG   | warm-up round 82/100 gen_loss=0.3472
2026-08-24 18:51:15 | DEBUG   | warm-up round 83/100 gen_loss=0.3444
2026-08-24 18:51:37 | DEBUG   | warm-up round 84/100 gen_loss=0.3418
2026-08-24 18:51:58 | DEBUG   | warm-up round 85/100 gen_loss=0.3420
2026-08-24 18:52:19 | DEBUG   | warm-up round 86/100 gen_loss=0.3406
2026-08-24 18:52:41 | DEBUG   | warm-up round 87/100 gen_loss=0.3413
2026-08-24 18:53:02 | DEBUG   | warm-up round 88/100 gen_loss=0.3438
2026-08-24 18:53:22 | DEBUG   | warm-up round 89/100 gen_loss=0.3432
2026-08-24 18:53:43 | DEBUG   | warm-up round 90/100 gen_loss=0.3443
2026-08-24 18:54:04 | DEBUG   | warm-up round 91/100 gen_loss=0.3428
2026-08-24 18:54:25 | DEBUG   | warm-up round 92/100 gen_loss=0.3409
2026-08-24 18:54:46 | DEBUG   | warm-up round 93/100 gen_loss=0.3404
2026-08-24 18:55:08 | DEBUG   | warm-up round 94/100 gen_loss=0.3367
2026-08-24 18:55:29 | DEBUG   | warm-up round 95/100 gen_loss=0.3368
2026-08-24 18:55:51 | DEBUG   | warm-up round 96/100 gen_loss=0.3412
2026-08-24 18:56:12 | DEBUG   | warm-up round 97/100 gen_loss=0.3394
2026-08-24 18:56:34 | DEBUG   | warm-up round 98/100 gen_loss=0.3393
2026-08-24 18:56:55 | DEBUG   | warm-up round 99/100 gen_loss=0.3407
2026-08-24 18:57:17 | DEBUG   | warm-up round 100/100 gen_loss=0.3380
2026-08-24 18:57:17 | DEBUG   | Round 1 started
2026-08-24 18:58:01 | DEBUG   | Round 2 started
2026-08-24 18:58:45 | DEBUG   | Round 3 started
2026-08-24 18:59:28 | DEBUG   | Round 4 started
2026-08-24 19:00:13 | DEBUG   | Round 5 started
2026-08-24 19:02:01 | DEBUG   | Generator quality metrics failed: name 'generator_quality_metrics' is not defined
2026-08-24 19:02:01 | INFO    | step=5  round=5  train_loss=1.8135  gen_loss=0.3377  acc_overall=0.0976  acc_head=0.2987  acc_medium=0.0268  acc_tail=0.0000  macro_f1=0.0234  class_balanced_accuracy=0.0976  gen_time=22.3840  target_time=21.5220  eval_time=63.6630  wall_time=2560.4000
2026-08-24 19:02:01 | DEBUG   | Round 6 started
2026-08-24 19:02:46 | DEBUG   | Round 7 started
2026-08-24 19:03:30 | DEBUG   | Round 8 started
2026-08-24 19:04:15 | DEBUG   | Round 9 started
2026-08-24 19:05:02 | DEBUG   | Round 10 started
2026-08-24 19:06:47 | DEBUG   | Generator quality metrics failed: name 'generator_quality_metrics' is not defined
2026-08-24 19:06:47 | INFO    | step=10  round=10  train_loss=1.7620  gen_loss=0.3343  acc_overall=0.1060  acc_head=0.3289  acc_medium=0.0244  acc_tail=0.0000  macro_f1=0.0269  class_balanced_accuracy=0.1060  gen_time=22.2780  target_time=22.2320  eval_time=60.6970  wall_time=2846.6000
2026-08-24 19:06:48 | DEBUG   | Round 11 started
2026-08-24 19:07:43 | DEBUG   | Round 12 started
2026-08-24 19:08:36 | DEBUG   | Round 13 started
2026-08-24 19:09:29 | DEBUG   | Round 14 started
2026-08-24 19:10:21 | DEBUG   | Round 15 started
2026-08-24 19:12:17 | DEBUG   | Generator quality metrics failed: name 'generator_quality_metrics' is not defined
2026-08-24 19:12:18 | INFO    | step=15  round=15  train_loss=1.6405  gen_loss=0.3370  acc_overall=0.1362  acc_head=0.3633  acc_medium=0.0907  acc_tail=0.0001  macro_f1=0.0593  class_balanced_accuracy=0.1362  gen_time=25.2170  target_time=26.9070  eval_time=63.8860  wall_time=3177.0000
2026-08-24 19:58:05 | INFO    | ======================================================================
2026-08-24 19:58:05 | INFO    | EXPERIMENT: gefl_cifar10lt_baseline
2026-08-24 19:58:05 | INFO    | ======================================================================
2026-08-24 19:58:05 | DEBUG   | Full config: {"num_users": 10, "frac": 1.0, "num_models": 3, "dataset": "cifar10", "data_root": "./data", "img_size": null, "num_workers": 2, "noniid": true, "dir_param": 0.3, "imbalance_factor": 0.01, "max_per_class": null, "data_fraction": 0.5, "partition_seed": 0, "bs": 128, "local_bs": 128, "lr": 0.1, "momentum": 0.9, "weight_decay": 0.0, "optimizer": "sgd", "seed": 0, "num_experiment": 1, "device": "cuda", "gen_wu_epochs": 100, "epochs": 100, "local_ep": 1, "gen_local_ep": 5, "aid_by_gen": 1, "freeze_gen": 0, "synth_batch": 64, "target_ts": 1, "target_tr": 5, "gen_model": "vae", "latent_size": 50, "gen_lr": 0.001, "gen_lr_gan": 0.0002, "gen_lr_ddpm": 0.0001, "weight_decay_ddpm": 0.001, "gen_channels": 64, "dcgan_g_channels": 128, "dcgan_d_channels": 128, "b1": 0.5, "b2": 0.999, "n_feat": 64, "n_T": 200, "guide_w": 0.3, "target_models": "cnn_small,cnn_deep,mobilenet_lite", "gefl_f": 0, "fe_channels": 32, "fe_rounds": 50, "header_models": "header_small,header_deep,header_wide", "mechanism_a": 0, "mech_a_beta": 0.999, "mechanism_b": 0, "mech_b_ema_decay": 0.6, "mech_b_init_fidelity": 0.15, "mech_b_inv_freq_power": 1.0, "creff_feat_dim": 128, "creff_rounds": 15, "creff_synth_per_class": 100, "creff_head_retrain_steps": 300, "sample_test": 5, "eval_centralized_upper_bound": 1, "centralized_epochs": 20, "name": "gefl_cifar10lt_baseline", "out_dir": "./logs", "ckpt_dir": "./checkpoint", "save_ckpt": 1, "wandb": 0, "wandb_proj_name": "gefl-classbalanced", "verbose": 1, "tensorboard": 0, "log_per_class": 1, "log_per_client": 0, "plot_every": 0, "save_synthetic_samples": 1, "show_plots": 0, "target_models_list": ["cnn_small", "cnn_deep", "mobilenet_lite"]}
2026-08-24 19:58:08 | INFO    | dataset=cifar10 classes=10 clients=10 imbalance_factor=0.010 dir_param=0.300 gen_model=vae mechanism_a=0 mechanism_b=0
2026-08-24 19:58:12 | INFO    | Saved data distribution plot
2026-08-24 19:58:12 | INFO    | warm-up: training shared vae generator for 100 rounds
2026-08-24 19:58:33 | DEBUG   | warm-up round 1/100 gen_loss=0.7278
2026-08-24 19:58:53 | DEBUG   | warm-up round 2/100 gen_loss=0.5297
2026-08-24 19:59:13 | DEBUG   | warm-up round 3/100 gen_loss=0.4783
2026-08-24 19:59:33 | DEBUG   | warm-up round 4/100 gen_loss=0.4492
2026-08-24 19:59:53 | DEBUG   | warm-up round 5/100 gen_loss=0.4336
2026-08-24 20:00:13 | DEBUG   | warm-up round 6/100 gen_loss=0.4236
2026-08-24 20:00:34 | DEBUG   | warm-up round 7/100 gen_loss=0.4175
2026-08-24 20:00:54 | DEBUG   | warm-up round 8/100 gen_loss=0.4099
2026-08-24 20:01:15 | DEBUG   | warm-up round 9/100 gen_loss=0.4028
2026-08-24 20:01:35 | DEBUG   | warm-up round 10/100 gen_loss=0.3987
2026-08-24 20:01:55 | DEBUG   | warm-up round 11/100 gen_loss=0.3971
2026-08-24 20:02:15 | DEBUG   | warm-up round 12/100 gen_loss=0.3980
2026-08-24 20:02:35 | DEBUG   | warm-up round 13/100 gen_loss=0.3862
2026-08-24 20:02:56 | DEBUG   | warm-up round 14/100 gen_loss=0.3872
2026-08-24 20:03:17 | DEBUG   | warm-up round 15/100 gen_loss=0.3853
2026-08-24 20:03:38 | DEBUG   | warm-up round 16/100 gen_loss=0.3876
2026-08-24 20:03:58 | DEBUG   | warm-up round 17/100 gen_loss=0.3806
2026-08-24 20:04:19 | DEBUG   | warm-up round 18/100 gen_loss=0.3820
2026-08-24 20:04:39 | DEBUG   | warm-up round 19/100 gen_loss=0.3820
2026-08-24 20:04:59 | DEBUG   | warm-up round 20/100 gen_loss=0.3783
2026-08-24 20:05:19 | DEBUG   | warm-up round 21/100 gen_loss=0.3768
2026-08-24 20:05:39 | DEBUG   | warm-up round 22/100 gen_loss=0.3815
2026-08-24 20:05:59 | DEBUG   | warm-up round 23/100 gen_loss=0.3773
2026-08-24 20:06:18 | DEBUG   | warm-up round 24/100 gen_loss=0.3751
2026-08-24 20:06:39 | DEBUG   | warm-up round 25/100 gen_loss=0.3749
2026-08-24 20:06:59 | DEBUG   | warm-up round 26/100 gen_loss=0.3746
2026-08-24 20:07:18 | DEBUG   | warm-up round 27/100 gen_loss=0.3706
2026-08-24 20:07:38 | DEBUG   | warm-up round 28/100 gen_loss=0.3674
2026-08-24 20:07:58 | DEBUG   | warm-up round 29/100 gen_loss=0.3683
2026-08-24 20:08:18 | DEBUG   | warm-up round 30/100 gen_loss=0.3667
2026-08-24 20:08:38 | DEBUG   | warm-up round 31/100 gen_loss=0.3634
2026-08-24 20:08:58 | DEBUG   | warm-up round 32/100 gen_loss=0.3653
2026-08-24 20:09:18 | DEBUG   | warm-up round 33/100 gen_loss=0.3670
2026-08-24 20:09:39 | DEBUG   | warm-up round 34/100 gen_loss=0.3670
2026-08-24 20:10:00 | DEBUG   | warm-up round 35/100 gen_loss=0.3637
2026-08-24 20:10:20 | DEBUG   | warm-up round 36/100 gen_loss=0.3642
2026-08-24 20:10:40 | DEBUG   | warm-up round 37/100 gen_loss=0.3649
2026-08-24 20:10:59 | DEBUG   | warm-up round 38/100 gen_loss=0.3600
2026-08-24 20:11:19 | DEBUG   | warm-up round 39/100 gen_loss=0.3614
2026-08-24 20:11:39 | DEBUG   | warm-up round 40/100 gen_loss=0.3584
2026-08-24 20:11:59 | DEBUG   | warm-up round 41/100 gen_loss=0.3594
2026-08-24 20:12:19 | DEBUG   | warm-up round 42/100 gen_loss=0.3611
2026-08-24 20:12:39 | DEBUG   | warm-up round 43/100 gen_loss=0.3573
2026-08-24 20:13:00 | DEBUG   | warm-up round 44/100 gen_loss=0.3575
2026-08-24 20:13:20 | DEBUG   | warm-up round 45/100 gen_loss=0.3557
2026-08-24 20:13:40 | DEBUG   | warm-up round 46/100 gen_loss=0.3526
2026-08-24 20:14:00 | DEBUG   | warm-up round 47/100 gen_loss=0.3565
2026-08-24 20:14:21 | DEBUG   | warm-up round 48/100 gen_loss=0.3607
2026-08-24 20:14:41 | DEBUG   | warm-up round 49/100 gen_loss=0.3549
2026-08-24 20:15:01 | DEBUG   | warm-up round 50/100 gen_loss=0.3552
2026-08-24 20:15:22 | DEBUG   | warm-up round 51/100 gen_loss=0.3544
2026-08-24 20:15:42 | DEBUG   | warm-up round 52/100 gen_loss=0.3521
2026-08-24 20:16:03 | DEBUG   | warm-up round 53/100 gen_loss=0.3520
2026-08-24 20:16:23 | DEBUG   | warm-up round 54/100 gen_loss=0.3526
2026-08-24 20:16:44 | DEBUG   | warm-up round 55/100 gen_loss=0.3518
2026-08-24 20:17:04 | DEBUG   | warm-up round 56/100 gen_loss=0.3525
2026-08-24 20:17:24 | DEBUG   | warm-up round 57/100 gen_loss=0.3523
2026-08-24 20:17:44 | DEBUG   | warm-up round 58/100 gen_loss=0.3499
2026-08-24 20:18:04 | DEBUG   | warm-up round 59/100 gen_loss=0.3509
2026-08-24 20:18:24 | DEBUG   | warm-up round 60/100 gen_loss=0.3518
2026-08-24 20:18:44 | DEBUG   | warm-up round 61/100 gen_loss=0.3506
2026-08-24 20:19:04 | DEBUG   | warm-up round 62/100 gen_loss=0.3488
2026-08-24 20:19:24 | DEBUG   | warm-up round 63/100 gen_loss=0.3500
2026-08-24 20:19:44 | DEBUG   | warm-up round 64/100 gen_loss=0.3493
2026-08-24 20:20:04 | DEBUG   | warm-up round 65/100 gen_loss=0.3481
2026-08-24 20:20:24 | DEBUG   | warm-up round 66/100 gen_loss=0.3464
2026-08-24 20:20:44 | DEBUG   | warm-up round 67/100 gen_loss=0.3498
2026-08-24 20:21:04 | DEBUG   | warm-up round 68/100 gen_loss=0.3474
2026-08-24 20:21:25 | DEBUG   | warm-up round 69/100 gen_loss=0.3469
2026-08-24 20:21:46 | DEBUG   | warm-up round 70/100 gen_loss=0.3455
2026-08-24 20:22:06 | DEBUG   | warm-up round 71/100 gen_loss=0.3486
2026-08-24 20:22:26 | DEBUG   | warm-up round 72/100 gen_loss=0.3463
2026-08-24 20:22:47 | DEBUG   | warm-up round 73/100 gen_loss=0.3477
2026-08-24 20:23:07 | DEBUG   | warm-up round 74/100 gen_loss=0.3481
2026-08-24 20:23:28 | DEBUG   | warm-up round 75/100 gen_loss=0.3449
2026-08-24 20:23:48 | DEBUG   | warm-up round 76/100 gen_loss=0.3443
2026-08-24 20:24:08 | DEBUG   | warm-up round 77/100 gen_loss=0.3469
2026-08-24 20:24:28 | DEBUG   | warm-up round 78/100 gen_loss=0.3447
2026-08-24 20:24:48 | DEBUG   | warm-up round 79/100 gen_loss=0.3446
2026-08-24 20:25:08 | DEBUG   | warm-up round 80/100 gen_loss=0.3514
2026-08-24 20:25:28 | DEBUG   | warm-up round 81/100 gen_loss=0.3453
2026-08-24 20:25:48 | DEBUG   | warm-up round 82/100 gen_loss=0.3472
2026-08-24 20:26:09 | DEBUG   | warm-up round 83/100 gen_loss=0.3444
2026-08-24 20:26:30 | DEBUG   | warm-up round 84/100 gen_loss=0.3418
2026-08-24 20:26:51 | DEBUG   | warm-up round 85/100 gen_loss=0.3420
2026-08-24 20:27:12 | DEBUG   | warm-up round 86/100 gen_loss=0.3406
2026-08-24 20:27:32 | DEBUG   | warm-up round 87/100 gen_loss=0.3413
2026-08-24 20:27:53 | DEBUG   | warm-up round 88/100 gen_loss=0.3438
2026-08-24 20:28:13 | DEBUG   | warm-up round 89/100 gen_loss=0.3432
2026-08-24 20:28:33 | DEBUG   | warm-up round 90/100 gen_loss=0.3443
2026-08-24 20:28:53 | DEBUG   | warm-up round 91/100 gen_loss=0.3428
2026-08-24 20:29:13 | DEBUG   | warm-up round 92/100 gen_loss=0.3409
2026-08-24 20:29:34 | DEBUG   | warm-up round 93/100 gen_loss=0.3404
2026-08-24 20:29:54 | DEBUG   | warm-up round 94/100 gen_loss=0.3367
2026-08-24 20:30:14 | DEBUG   | warm-up round 95/100 gen_loss=0.3368
2026-08-24 20:30:35 | DEBUG   | warm-up round 96/100 gen_loss=0.3412
2026-08-24 20:30:55 | DEBUG   | warm-up round 97/100 gen_loss=0.3394
2026-08-24 20:31:16 | DEBUG   | warm-up round 98/100 gen_loss=0.3393
2026-08-24 20:31:36 | DEBUG   | warm-up round 99/100 gen_loss=0.3407
2026-08-24 20:31:56 | DEBUG   | warm-up round 100/100 gen_loss=0.3380
2026-08-24 20:31:56 | DEBUG   | Round 1 started
2026-08-24 20:32:38 | DEBUG   | Round 2 started
2026-08-24 20:33:21 | DEBUG   | Round 3 started
2026-08-24 20:34:03 | DEBUG   | Round 4 started
2026-08-24 20:34:45 | DEBUG   | Round 5 started
2026-08-24 20:36:28 | DEBUG   | Generator quality metrics failed: name 'generator_quality_metrics' is not defined
2026-08-24 20:36:28 | INFO    | step=5  round=5  train_loss=nan  gen_loss=0.3377  acc_overall=0.1513  acc_head=0.4217  acc_medium=0.0817  acc_tail=0.0006  macro_f1=0.0658  class_balanced_accuracy=0.1513  gen_time=20.2970  target_time=20.3390  eval_time=62.8590  wall_time=2302.8000
2026-08-24 20:36:29 | DEBUG   | Round 6 started
2026-08-24 20:37:10 | DEBUG   | Round 7 started
2026-08-24 20:37:51 | DEBUG   | Round 8 started
2026-08-24 20:38:33 | DEBUG   | Round 9 started
2026-08-24 20:39:15 | DEBUG   | Round 10 started
2026-08-24 20:40:57 | DEBUG   | Generator quality metrics failed: name 'generator_quality_metrics' is not defined
2026-08-24 20:40:57 | INFO    | step=10  round=10  train_loss=nan  gen_loss=0.3343  acc_overall=0.1658  acc_head=0.4217  acc_medium=0.1263  acc_tail=0.0036  macro_f1=0.0832  class_balanced_accuracy=0.1658  gen_time=20.3110  target_time=21.4260  eval_time=60.4090  wall_time=2571.7000
2026-08-24 20:40:57 | DEBUG   | Round 11 started
2026-08-24 20:41:39 | DEBUG   | Round 12 started
2026-08-24 20:42:20 | DEBUG   | Round 13 started
2026-08-24 20:43:02 | DEBUG   | Round 14 started
2026-08-24 20:43:43 | DEBUG   | Round 15 started
2026-08-24 20:45:24 | DEBUG   | Generator quality metrics failed: name 'generator_quality_metrics' is not defined
2026-08-24 20:45:24 | INFO    | step=15  round=15  train_loss=nan  gen_loss=0.3370  acc_overall=0.1669  acc_head=0.3999  acc_medium=0.1508  acc_tail=0.0043  macro_f1=0.0896  class_balanced_accuracy=0.1669  gen_time=20.2080  target_time=20.6180  eval_time=60.3440  wall_time=2838.7000
2026-08-24 20:45:24 | DEBUG   | Round 16 started
2026-08-24 20:46:06 | DEBUG   | Round 17 started
2026-08-24 20:46:46 | DEBUG   | Round 18 started
2026-08-24 20:47:26 | DEBUG   | Round 19 started
2026-08-24 20:48:08 | DEBUG   | Round 20 started
2026-08-24 20:49:51 | DEBUG   | Generator quality metrics failed: name 'generator_quality_metrics' is not defined
2026-08-24 20:49:51 | INFO    | step=20  round=20  train_loss=nan  gen_loss=0.3386  acc_overall=0.1706  acc_head=0.3943  acc_medium=0.1568  acc_tail=0.0132  macro_f1=0.0984  class_balanced_accuracy=0.1706  gen_time=20.7180  target_time=21.0260  eval_time=61.6690  wall_time=3105.8000
2026-08-24 20:49:52 | DEBUG   | Round 21 started
2026-08-24 20:50:34 | DEBUG   | Round 22 started
2026-08-24 20:51:15 | DEBUG   | Round 23 started
2026-08-24 20:51:57 | DEBUG   | Round 24 started
2026-08-24 20:52:38 | DEBUG   | Round 25 started
2026-08-24 20:54:27 | DEBUG   | Generator quality metrics failed: name 'generator_quality_metrics' is not defined
2026-08-24 20:54:27 | INFO    | step=25  round=25  train_loss=nan  gen_loss=0.3347  acc_overall=0.1794  acc_head=0.4207  acc_medium=0.1569  acc_tail=0.0153  macro_f1=0.1057  class_balanced_accuracy=0.1794  gen_time=20.3600  target_time=20.5390  eval_time=67.6120  wall_time=3381.4000
2026-08-24 20:54:27 | DEBUG   | Round 26 started
2026-08-24 20:55:20 | DEBUG   | Round 27 started
2026-08-24 20:56:07 | DEBUG   | Round 28 started
2026-08-24 20:56:57 | DEBUG   | Round 29 started
2026-08-24 20:57:46 | DEBUG   | Round 30 started
2026-08-24 20:59:46 | DEBUG   | Generator quality metrics failed: name 'generator_quality_metrics' is not defined
2026-08-24 20:59:46 | INFO    | step=30  round=30  train_loss=nan  gen_loss=0.3342  acc_overall=0.1751  acc_head=0.4047  acc_medium=0.1554  acc_tail=0.0178  macro_f1=0.1032  class_balanced_accuracy=0.1751  gen_time=24.6420  target_time=24.2350  eval_time=71.3550  wall_time=3700.5000
2026-08-24 20:59:46 | DEBUG   | Round 31 started
2026-08-24 21:00:36 | DEBUG   | Round 32 started
2026-08-24 21:01:24 | DEBUG   | Round 33 started
2026-08-24 21:02:12 | DEBUG   | Round 34 started
2026-08-24 21:03:03 | DEBUG   | Round 35 started
2026-08-24 21:05:00 | DEBUG   | Generator quality metrics failed: name 'generator_quality_metrics' is not defined
2026-08-24 21:05:00 | INFO    | step=35  round=35  train_loss=nan  gen_loss=0.3302  acc_overall=0.1804  acc_head=0.4345  acc_medium=0.1405  acc_tail=0.0197  macro_f1=0.1078  class_balanced_accuracy=0.1804  gen_time=24.0610  target_time=23.8200  eval_time=69.1800  wall_time=4014.7000
2026-08-24 21:05:01 | DEBUG   | Round 36 started
2026-08-24 21:05:49 | DEBUG   | Round 37 started
2026-08-24 21:06:37 | DEBUG   | Round 38 started
2026-08-24 21:07:25 | DEBUG   | Round 39 started
2026-08-24 21:08:14 | DEBUG   | Round 40 started
2026-08-24 21:10:05 | DEBUG   | Generator quality metrics failed: name 'generator_quality_metrics' is not defined
2026-08-24 21:10:05 | INFO    | step=40  round=40  train_loss=nan  gen_loss=0.3316  acc_overall=0.1890  acc_head=0.4457  acc_medium=0.1563  acc_tail=0.0209  macro_f1=0.1178  class_balanced_accuracy=0.1890  gen_time=22.9810  target_time=25.2210  eval_time=63.1620  wall_time=4319.8000
2026-08-24 21:10:06 | DEBUG   | Round 41 started
2026-08-24 21:10:55 | DEBUG   | Round 42 started
2026-08-24 21:11:43 | DEBUG   | Round 43 started
2026-08-24 21:12:32 | DEBUG   | Round 44 started
2026-08-24 21:13:19 | DEBUG   | Round 45 started
2026-08-24 21:15:14 | DEBUG   | Generator quality metrics failed: name 'generator_quality_metrics' is not defined
2026-08-24 21:15:14 | INFO    | step=45  round=45  train_loss=nan  gen_loss=0.3331  acc_overall=0.1901  acc_head=0.4364  acc_medium=0.1606  acc_tail=0.0276  macro_f1=0.1233  class_balanced_accuracy=0.1901  gen_time=22.9240  target_time=22.7000  eval_time=69.8090  wall_time=4628.8000
2026-08-24 21:15:15 | DEBUG   | Round 46 started
2026-08-24 21:15:59 | DEBUG   | Round 47 started
2026-08-24 21:16:40 | DEBUG   | Round 48 started
2026-08-24 21:17:29 | DEBUG   | Round 49 started
2026-08-24 21:18:20 | DEBUG   | Round 50 started
2026-08-24 21:20:10 | DEBUG   | Generator quality metrics failed: name 'generator_quality_metrics' is not defined
2026-08-24 21:20:10 | INFO    | step=50  round=50  train_loss=nan  gen_loss=0.3312  acc_overall=0.1992  acc_head=0.4497  acc_medium=0.1750  acc_tail=0.0294  macro_f1=0.1338  class_balanced_accuracy=0.1992  gen_time=24.2650  target_time=23.3120  eval_time=62.3610  wall_time=4925.1000
2026-08-24 21:20:11 | DEBUG   | Round 51 started
2026-08-24 21:20:59 | DEBUG   | Round 52 started
2026-08-24 21:21:49 | DEBUG   | Round 53 started
2026-08-24 21:22:39 | DEBUG   | Round 54 started
2026-08-24 21:23:29 | DEBUG   | Round 55 started
2026-08-24 21:25:25 | DEBUG   | Generator quality metrics failed: name 'generator_quality_metrics' is not defined
2026-08-24 21:25:25 | INFO    | step=55  round=55  train_loss=nan  gen_loss=0.3297  acc_overall=0.2026  acc_head=0.4596  acc_medium=0.1811  acc_tail=0.0260  macro_f1=0.1323  class_balanced_accuracy=0.2026  gen_time=26.0220  target_time=25.6070  eval_time=64.0210  wall_time=5239.5000
2026-08-24 21:25:25 | DEBUG   | Round 56 started
2026-08-24 21:26:13 | DEBUG   | Round 57 started
2026-08-24 21:27:05 | DEBUG   | Round 58 started
2026-08-24 21:27:54 | DEBUG   | Round 59 started
2026-08-24 21:28:45 | DEBUG   | Round 60 started
2026-08-24 21:30:40 | DEBUG   | Generator quality metrics failed: name 'generator_quality_metrics' is not defined
2026-08-24 21:30:40 | INFO    | step=60  round=60  train_loss=nan  gen_loss=0.3323  acc_overall=0.2050  acc_head=0.4690  acc_medium=0.1808  acc_tail=0.0250  macro_f1=0.1325  class_balanced_accuracy=0.2050  gen_time=24.8820  target_time=24.0040  eval_time=66.2190  wall_time=5554.5000
2026-08-24 21:30:40 | DEBUG   | Round 61 started
2026-08-24 21:31:29 | DEBUG   | Round 62 started
2026-08-24 21:32:20 | DEBUG   | Round 63 started
2026-08-24 21:33:08 | DEBUG   | Round 64 started
2026-08-24 21:33:56 | DEBUG   | Round 65 started
2026-08-24 21:35:53 | DEBUG   | Generator quality metrics failed: name 'generator_quality_metrics' is not defined
2026-08-24 21:35:53 | INFO    | step=65  round=65  train_loss=nan  gen_loss=0.3281  acc_overall=0.2065  acc_head=0.4695  acc_medium=0.1789  acc_tail=0.0299  macro_f1=0.1351  class_balanced_accuracy=0.2065  gen_time=24.4360  target_time=26.2580  eval_time=65.7500  wall_time=5867.3000
2026-08-24 21:35:53 | DEBUG   | Round 66 started
2026-08-24 21:36:44 | DEBUG   | Round 67 started
2026-08-24 21:37:32 | DEBUG   | Round 68 started
2026-08-24 21:38:22 | DEBUG   | Round 69 started
2026-08-24 21:39:12 | DEBUG   | Round 70 started
2026-08-24 21:41:06 | DEBUG   | Generator quality metrics failed: name 'generator_quality_metrics' is not defined
2026-08-24 21:41:06 | INFO    | step=70  round=70  train_loss=nan  gen_loss=0.3302  acc_overall=0.2103  acc_head=0.4706  acc_medium=0.1909  acc_tail=0.0296  macro_f1=0.1390  class_balanced_accuracy=0.2103  gen_time=25.0430  target_time=24.5400  eval_time=64.2350  wall_time=6180.7000
2026-08-24 21:41:06 | DEBUG   | Round 71 started
2026-08-24 21:41:57 | DEBUG   | Round 72 started
2026-08-24 21:42:47 | DEBUG   | Round 73 started
2026-08-24 21:43:37 | DEBUG   | Round 74 started
2026-08-24 21:44:26 | DEBUG   | Round 75 started
2026-08-24 21:46:23 | DEBUG   | Generator quality metrics failed: name 'generator_quality_metrics' is not defined
2026-08-24 21:46:23 | INFO    | step=75  round=75  train_loss=nan  gen_loss=0.3305  acc_overall=0.2109  acc_head=0.4797  acc_medium=0.1736  acc_tail=0.0372  macro_f1=0.1422  class_balanced_accuracy=0.2109  gen_time=24.6120  target_time=24.6790  eval_time=67.1110  wall_time=6497.2000
2026-08-24 21:46:23 | DEBUG   | Round 76 started
2026-08-24 21:47:12 | DEBUG   | Round 77 started
2026-08-24 21:48:02 | DEBUG   | Round 78 started
2026-08-24 21:48:51 | DEBUG   | Round 79 started
2026-08-24 21:49:39 | DEBUG   | Round 80 started
2026-08-24 21:51:36 | DEBUG   | Generator quality metrics failed: name 'generator_quality_metrics' is not defined
2026-08-24 21:51:36 | INFO    | step=80  round=80  train_loss=nan  gen_loss=0.3293  acc_overall=0.2157  acc_head=0.4778  acc_medium=0.1967  acc_tail=0.0333  macro_f1=0.1441  class_balanced_accuracy=0.2157  gen_time=23.7600  target_time=25.4140  eval_time=67.8880  wall_time=6810.5000
2026-08-24 21:51:36 | DEBUG   | Round 81 started
2026-08-24 21:52:24 | DEBUG   | Round 82 started
2026-08-24 21:53:12 | DEBUG   | Round 83 started
2026-08-24 21:54:02 | DEBUG   | Round 84 started
2026-08-24 21:54:57 | DEBUG   | Round 85 started
2026-08-24 21:57:02 | DEBUG   | Generator quality metrics failed: name 'generator_quality_metrics' is not defined
2026-08-24 21:57:02 | INFO    | step=85  round=85  train_loss=nan  gen_loss=0.3261  acc_overall=0.2180  acc_head=0.4923  acc_medium=0.1954  acc_tail=0.0293  macro_f1=0.1421  class_balanced_accuracy=0.2180  gen_time=24.8940  target_time=27.0380  eval_time=73.4320  wall_time=7136.6000
2026-08-24 21:57:02 | DEBUG   | Round 86 started
2026-08-24 21:57:51 | DEBUG   | Round 87 started
2026-08-24 21:58:43 | DEBUG   | Round 88 started
2026-08-24 21:59:34 | DEBUG   | Round 89 started
2026-08-24 22:00:26 | DEBUG   | Round 90 started
2026-08-24 22:02:22 | DEBUG   | Generator quality metrics failed: name 'generator_quality_metrics' is not defined
2026-08-24 22:02:22 | INFO    | step=90  round=90  train_loss=nan  gen_loss=0.3294  acc_overall=0.2106  acc_head=0.4943  acc_medium=0.1782  acc_tail=0.0221  macro_f1=0.1351  class_balanced_accuracy=0.2106  gen_time=24.8040  target_time=25.1330  eval_time=65.4170  wall_time=7456.3000
2026-08-24 22:02:22 | DEBUG   | Round 91 started
2026-08-24 22:03:14 | DEBUG   | Round 92 started
2026-08-24 22:04:06 | DEBUG   | Round 93 started
2026-08-24 22:04:56 | DEBUG   | Round 94 started
2026-08-24 22:05:46 | DEBUG   | Round 95 started
2026-08-24 22:07:41 | DEBUG   | Generator quality metrics failed: name 'generator_quality_metrics' is not defined
2026-08-24 22:07:41 | INFO    | step=95  round=95  train_loss=nan  gen_loss=0.3269  acc_overall=0.2176  acc_head=0.4821  acc_medium=0.1947  acc_tail=0.0363  macro_f1=0.1493  class_balanced_accuracy=0.2176  gen_time=24.4540  target_time=25.4710  eval_time=64.4280  wall_time=7775.4000
2026-08-24 22:07:41 | DEBUG   | Round 96 started
2026-08-24 22:08:30 | DEBUG   | Round 97 started
2026-08-24 22:09:20 | DEBUG   | Round 98 started
2026-08-24 22:10:13 | DEBUG   | Round 99 started
2026-08-24 22:11:03 | DEBUG   | Round 100 started
2026-08-24 22:13:02 | DEBUG   | Generator quality metrics failed: name 'generator_quality_metrics' is not defined
2026-08-24 22:13:02 | INFO    | step=100  round=100  train_loss=nan  gen_loss=0.3245  acc_overall=0.2132  acc_head=0.4950  acc_medium=0.1694  acc_tail=0.0346  macro_f1=0.1412  class_balanced_accuracy=0.2132  gen_time=24.4050  target_time=24.2840  eval_time=70.9720  wall_time=8097.1000
2026-08-24 22:21:45 | INFO    | centralized upper bound: {'head': 0.63, 'medium': 0.5603333333333333, 'tail': 0.731, 'overall': 0.6495}
2026-08-24 22:21:45 | INFO    | centralized-vs-federated gap: {'head': 0.135, 'medium': 0.3909, 'tail': 0.6964, 'overall': 0.4363}
2026-08-24 22:21:47 | INFO    | MND privacy ratio: 0.8826 (< 1 = good generalization, > 1 = potential memorization)
2026-08-24 22:22:58 | INFO    | ======================================================================
2026-08-24 22:22:58 | INFO    | EXPERIMENT SUMMARY
2026-08-24 22:22:58 | INFO    | ======================================================================
2026-08-24 22:22:58 | INFO    |   acc_overall                     0.2132
2026-08-24 22:22:58 | INFO    |   acc_head                        0.4950
2026-08-24 22:22:58 | INFO    |   acc_medium                      0.1694
2026-08-24 22:22:58 | INFO    |   acc_tail                        0.0346
2026-08-24 22:22:58 | INFO    |   macro_f1                        0.1412
2026-08-24 22:22:58 | INFO    |   class_balanced_accuracy         0.2132
2026-08-24 22:22:58 | INFO    |   train_loss                      nan
2026-08-24 22:22:58 | INFO    |   mnd_ratio                       0.8826
2026-08-24 22:22:58 | INFO    |   centralized_gap                 {'head': '0.1350', 'medium': '0.3909', 'tail': '0.6964', 'overall': '0.4363'}
2026-08-24 22:22:58 | INFO    |   total_time_s                    6661.8000
2026-08-24 22:22:58 | INFO    | ======================================================================
2026-08-24 22:22:58 | INFO    | Logs saved: CSV=./logs\gefl_cifar10lt_baseline_1787581685.csv  JSONL=./logs\gefl_cifar10lt_baseline_metrics.jsonl
