2026-08-25 07:50:34 | INFO    | ======================================================================
2026-08-25 07:50:34 | INFO    | EXPERIMENT: gefl_ddpm_cifar10lt_baseline
2026-08-25 07:50:34 | INFO    | ======================================================================
2026-08-25 07:50:34 | DEBUG   | Full config: {"num_users": 10, "frac": 1.0, "num_models": 3, "dataset": "cifar10", "data_root": "./data", "img_size": null, "num_workers": 2, "noniid": true, "dir_param": 0.3, "imbalance_factor": 0.01, "max_per_class": null, "data_fraction": 0.5, "partition_seed": 0, "bs": 128, "local_bs": 128, "lr": 0.1, "momentum": 0.9, "weight_decay": 0.0, "optimizer": "sgd", "seed": 0, "num_experiment": 1, "device": "cuda", "gen_wu_epochs": 100, "epochs": 100, "local_ep": 1, "gen_local_ep": 5, "aid_by_gen": 1, "freeze_gen": 0, "synth_batch": 64, "target_ts": 1, "target_tr": 5, "gen_model": "ddpm", "latent_size": 50, "gen_lr": 0.001, "gen_lr_gan": 0.0002, "gen_lr_ddpm": 0.0001, "weight_decay_ddpm": 0.001, "gen_channels": 64, "dcgan_g_channels": 128, "dcgan_d_channels": 128, "b1": 0.5, "b2": 0.999, "n_feat": 64, "n_T": 200, "guide_w": 0.3, "target_models": "cnn_small,cnn_deep,mobilenet_lite", "gefl_f": 0, "fe_channels": 32, "fe_rounds": 50, "header_models": "header_small,header_deep,header_wide", "mechanism_a": 0, "mech_a_beta": 0.999, "mechanism_b": 0, "mech_b_ema_decay": 0.6, "mech_b_init_fidelity": 0.15, "mech_b_inv_freq_power": 1.0, "creff_feat_dim": 128, "creff_rounds": 15, "creff_synth_per_class": 100, "creff_head_retrain_steps": 300, "sample_test": 5, "eval_centralized_upper_bound": 1, "centralized_epochs": 20, "name": "gefl_ddpm_cifar10lt_baseline", "out_dir": "./logs", "ckpt_dir": "./checkpoint", "save_ckpt": 1, "wandb": 0, "wandb_proj_name": "gefl-classbalanced", "verbose": 1, "tensorboard": 0, "log_per_class": 1, "log_per_client": 0, "plot_every": 0, "save_synthetic_samples": 1, "show_plots": 0, "target_models_list": ["cnn_small", "cnn_deep", "mobilenet_lite"]}
2026-08-25 07:50:37 | INFO    | dataset=cifar10 classes=10 clients=10 imbalance_factor=0.010 dir_param=0.300 gen_model=ddpm mechanism_a=0 mechanism_b=0
2026-08-25 07:50:44 | INFO    | Saved data distribution plot
2026-08-25 07:50:44 | INFO    | warm-up: training shared ddpm generator for 100 rounds
2026-08-25 07:52:26 | DEBUG   | warm-up round 1/100 gen_loss=0.7755
2026-08-25 07:55:09 | DEBUG   | warm-up round 2/100 gen_loss=0.3656
2026-08-25 07:59:37 | DEBUG   | warm-up round 3/100 gen_loss=0.2665
2026-08-25 08:03:20 | DEBUG   | warm-up round 4/100 gen_loss=0.2378
2026-08-25 08:12:09 | DEBUG   | warm-up round 5/100 gen_loss=0.2154
2026-08-25 08:19:57 | DEBUG   | warm-up round 6/100 gen_loss=0.1987
2026-08-25 08:27:53 | DEBUG   | warm-up round 7/100 gen_loss=0.1911
2026-08-25 08:35:58 | DEBUG   | warm-up round 8/100 gen_loss=0.1858
2026-08-25 08:45:36 | DEBUG   | warm-up round 9/100 gen_loss=0.1777
2026-08-25 08:49:18 | DEBUG   | warm-up round 10/100 gen_loss=0.1717
2026-08-25 08:59:11 | DEBUG   | warm-up round 11/100 gen_loss=0.1701
2026-08-25 09:07:32 | DEBUG   | warm-up round 12/100 gen_loss=0.1664
2026-08-25 09:12:00 | DEBUG   | warm-up round 13/100 gen_loss=0.1628
2026-08-25 09:21:23 | DEBUG   | warm-up round 14/100 gen_loss=0.1591
2026-08-25 09:26:01 | DEBUG   | warm-up round 15/100 gen_loss=0.1559
2026-08-25 09:35:51 | DEBUG   | warm-up round 16/100 gen_loss=0.1542
2026-08-25 09:42:46 | DEBUG   | warm-up round 17/100 gen_loss=0.1526
2026-08-25 09:51:03 | DEBUG   | warm-up round 18/100 gen_loss=0.1511
2026-08-25 09:55:32 | DEBUG   | warm-up round 19/100 gen_loss=0.1469
2026-08-25 10:02:14 | DEBUG   | warm-up round 20/100 gen_loss=0.1444
2026-08-25 10:09:44 | DEBUG   | warm-up round 21/100 gen_loss=0.1481
2026-08-25 10:13:49 | DEBUG   | warm-up round 22/100 gen_loss=0.1426
2026-08-25 10:19:46 | DEBUG   | warm-up round 23/100 gen_loss=0.1433
2026-08-25 10:27:38 | DEBUG   | warm-up round 24/100 gen_loss=0.1410
2026-08-25 10:36:53 | DEBUG   | warm-up round 25/100 gen_loss=0.1405
2026-08-25 10:46:05 | DEBUG   | warm-up round 26/100 gen_loss=0.1406
2026-08-25 10:56:10 | DEBUG   | warm-up round 27/100 gen_loss=0.1412
2026-08-25 11:01:46 | DEBUG   | warm-up round 28/100 gen_loss=0.1346
2026-08-25 11:10:34 | DEBUG   | warm-up round 29/100 gen_loss=0.1365
2026-08-25 11:20:43 | DEBUG   | warm-up round 30/100 gen_loss=0.1353
2026-08-25 11:30:07 | DEBUG   | warm-up round 31/100 gen_loss=0.1360
2026-08-25 11:39:23 | DEBUG   | warm-up round 32/100 gen_loss=0.1346
2026-08-25 11:48:27 | DEBUG   | warm-up round 33/100 gen_loss=0.1345
2026-08-25 11:55:05 | DEBUG   | warm-up round 34/100 gen_loss=0.1317
2026-08-25 12:02:56 | DEBUG   | warm-up round 35/100 gen_loss=0.1314
2026-08-25 12:11:30 | DEBUG   | warm-up round 36/100 gen_loss=0.1318
2026-08-25 12:18:40 | DEBUG   | warm-up round 37/100 gen_loss=0.1296
2026-08-25 12:28:24 | DEBUG   | warm-up round 38/100 gen_loss=0.1307
2026-08-25 12:34:49 | DEBUG   | warm-up round 39/100 gen_loss=0.1324
2026-08-25 12:43:50 | DEBUG   | warm-up round 40/100 gen_loss=0.1316
2026-08-25 12:53:52 | DEBUG   | warm-up round 41/100 gen_loss=0.1298
2026-08-25 13:01:28 | DEBUG   | warm-up round 42/100 gen_loss=0.1294
2026-08-25 13:08:50 | DEBUG   | warm-up round 43/100 gen_loss=0.1313
2026-08-25 13:16:18 | DEBUG   | warm-up round 44/100 gen_loss=0.1300
2026-08-25 13:26:09 | DEBUG   | warm-up round 45/100 gen_loss=0.1282
2026-08-25 13:32:51 | DEBUG   | warm-up round 46/100 gen_loss=0.1274
2026-08-25 13:40:33 | DEBUG   | warm-up round 47/100 gen_loss=0.1285
2026-08-25 13:51:15 | DEBUG   | warm-up round 48/100 gen_loss=0.1304
2026-08-25 14:01:02 | DEBUG   | warm-up round 49/100 gen_loss=0.1273
2026-08-25 14:10:03 | DEBUG   | warm-up round 50/100 gen_loss=0.1296
2026-08-25 14:20:04 | DEBUG   | warm-up round 51/100 gen_loss=0.1283
2026-08-25 14:28:22 | DEBUG   | warm-up round 52/100 gen_loss=0.1269
2026-08-25 14:36:02 | DEBUG   | warm-up round 53/100 gen_loss=0.1236
2026-08-25 14:45:44 | DEBUG   | warm-up round 54/100 gen_loss=0.1239
2026-08-25 14:55:07 | DEBUG   | warm-up round 55/100 gen_loss=0.1254
2026-08-25 15:04:26 | DEBUG   | warm-up round 56/100 gen_loss=0.1207
2026-08-26 01:13:43 | INFO    | ======================================================================
2026-08-26 01:13:43 | INFO    | EXPERIMENT: gefl_ddpm_cifar10lt_baseline
2026-08-26 01:13:43 | INFO    | ======================================================================
2026-08-26 01:13:43 | DEBUG   | Full config: {"num_users": 10, "frac": 1.0, "num_models": 3, "dataset": "cifar10", "data_root": "./data", "img_size": null, "num_workers": 2, "noniid": true, "dir_param": 0.3, "imbalance_factor": 0.01, "max_per_class": null, "data_fraction": 0.5, "partition_seed": 0, "bs": 128, "local_bs": 128, "lr": 0.1, "momentum": 0.9, "weight_decay": 0.0, "optimizer": "sgd", "seed": 0, "num_experiment": 1, "device": "cuda", "gen_wu_epochs": 100, "epochs": 100, "local_ep": 1, "gen_local_ep": 5, "aid_by_gen": 1, "freeze_gen": 0, "synth_batch": 64, "target_ts": 1, "target_tr": 5, "gen_model": "ddpm", "latent_size": 50, "gen_lr": 0.001, "gen_lr_gan": 0.0002, "gen_lr_ddpm": 0.0001, "weight_decay_ddpm": 0.001, "gen_channels": 64, "dcgan_g_channels": 128, "dcgan_d_channels": 128, "b1": 0.5, "b2": 0.999, "n_feat": 64, "n_T": 200, "guide_w": 0.3, "target_models": "cnn_small,cnn_deep,mobilenet_lite", "gefl_f": 0, "fe_channels": 32, "fe_rounds": 50, "header_models": "header_small,header_deep,header_wide", "mechanism_a": 0, "mech_a_beta": 0.999, "mechanism_b": 0, "mech_b_ema_decay": 0.6, "mech_b_init_fidelity": 0.15, "mech_b_inv_freq_power": 1.0, "creff_feat_dim": 128, "creff_rounds": 15, "creff_synth_per_class": 100, "creff_head_retrain_steps": 300, "sample_test": 5, "eval_centralized_upper_bound": 1, "centralized_epochs": 20, "name": "gefl_ddpm_cifar10lt_baseline", "out_dir": "./logs", "ckpt_dir": "./checkpoint", "save_ckpt": 1, "wandb": 0, "wandb_proj_name": "gefl-classbalanced", "verbose": 1, "tensorboard": 0, "log_per_class": 1, "log_per_client": 0, "plot_every": 0, "save_synthetic_samples": 1, "show_plots": 0, "target_models_list": ["cnn_small", "cnn_deep", "mobilenet_lite"]}
2026-08-26 01:13:46 | INFO    | dataset=cifar10 classes=10 clients=10 imbalance_factor=0.010 dir_param=0.300 gen_model=ddpm mechanism_a=0 mechanism_b=0
2026-08-26 01:13:51 | INFO    | Saved data distribution plot
2026-08-26 01:13:51 | INFO    | warm-up: training shared ddpm generator for 100 rounds
2026-08-26 01:16:33 | DEBUG   | warm-up round 1/100 gen_loss=0.7755
2026-08-26 01:20:57 | DEBUG   | warm-up round 2/100 gen_loss=0.3656
2026-08-26 01:28:34 | DEBUG   | warm-up round 3/100 gen_loss=0.2665
2026-08-26 01:34:23 | DEBUG   | warm-up round 4/100 gen_loss=0.2378
2026-08-26 01:44:22 | DEBUG   | warm-up round 5/100 gen_loss=0.2154
2026-08-26 01:53:26 | DEBUG   | warm-up round 6/100 gen_loss=0.1987
2026-08-26 02:02:37 | DEBUG   | warm-up round 7/100 gen_loss=0.1911
2026-08-26 02:11:18 | DEBUG   | warm-up round 8/100 gen_loss=0.1859
2026-08-26 02:21:56 | DEBUG   | warm-up round 9/100 gen_loss=0.1778
2026-08-26 02:28:33 | DEBUG   | warm-up round 10/100 gen_loss=0.1718
2026-08-26 02:39:46 | DEBUG   | warm-up round 11/100 gen_loss=0.1699
2026-08-26 02:48:33 | DEBUG   | warm-up round 12/100 gen_loss=0.1663
2026-08-26 02:55:57 | DEBUG   | warm-up round 13/100 gen_loss=0.1627
2026-08-26 03:06:23 | DEBUG   | warm-up round 14/100 gen_loss=0.1591
2026-08-26 03:11:50 | DEBUG   | warm-up round 15/100 gen_loss=0.1559
2026-08-26 03:21:37 | DEBUG   | warm-up round 16/100 gen_loss=0.1542
2026-08-26 03:30:15 | DEBUG   | warm-up round 17/100 gen_loss=0.1525
2026-08-26 03:38:55 | DEBUG   | warm-up round 18/100 gen_loss=0.1512
2026-08-26 03:44:15 | DEBUG   | warm-up round 19/100 gen_loss=0.1468
2026-08-26 03:51:19 | DEBUG   | warm-up round 20/100 gen_loss=0.1444
2026-08-26 03:59:11 | DEBUG   | warm-up round 21/100 gen_loss=0.1482
2026-08-26 04:05:06 | DEBUG   | warm-up round 22/100 gen_loss=0.1425
2026-08-26 04:11:14 | DEBUG   | warm-up round 23/100 gen_loss=0.1432
2026-08-26 04:19:16 | DEBUG   | warm-up round 24/100 gen_loss=0.1410
2026-08-26 04:28:27 | DEBUG   | warm-up round 25/100 gen_loss=0.1405
2026-08-26 04:37:58 | DEBUG   | warm-up round 26/100 gen_loss=0.1406
2026-08-26 04:47:59 | DEBUG   | warm-up round 27/100 gen_loss=0.1412
2026-08-26 04:53:32 | DEBUG   | warm-up round 28/100 gen_loss=0.1346
2026-08-26 05:02:02 | DEBUG   | warm-up round 29/100 gen_loss=0.1366
2026-08-26 05:11:54 | DEBUG   | warm-up round 30/100 gen_loss=0.1352
2026-08-26 05:21:18 | DEBUG   | warm-up round 31/100 gen_loss=0.1361
2026-08-26 05:30:05 | DEBUG   | warm-up round 32/100 gen_loss=0.1346
2026-08-26 05:38:46 | DEBUG   | warm-up round 33/100 gen_loss=0.1346
2026-08-26 05:45:30 | DEBUG   | warm-up round 34/100 gen_loss=0.1317
2026-08-26 05:53:10 | DEBUG   | warm-up round 35/100 gen_loss=0.1314
2026-08-26 06:01:30 | DEBUG   | warm-up round 36/100 gen_loss=0.1318
2026-08-26 06:08:39 | DEBUG   | warm-up round 37/100 gen_loss=0.1295
2026-08-26 06:18:06 | DEBUG   | warm-up round 38/100 gen_loss=0.1306
2026-08-26 06:24:20 | DEBUG   | warm-up round 39/100 gen_loss=0.1324
2026-08-26 06:33:00 | DEBUG   | warm-up round 40/100 gen_loss=0.1316
2026-08-26 06:42:24 | DEBUG   | warm-up round 41/100 gen_loss=0.1298
2026-08-26 06:50:01 | DEBUG   | warm-up round 42/100 gen_loss=0.1293
2026-08-26 06:57:18 | DEBUG   | warm-up round 43/100 gen_loss=0.1313
2026-08-26 07:04:30 | DEBUG   | warm-up round 44/100 gen_loss=0.1300
2026-08-26 07:13:58 | DEBUG   | warm-up round 45/100 gen_loss=0.1283
2026-08-26 07:20:08 | DEBUG   | warm-up round 46/100 gen_loss=0.1275
2026-08-26 07:26:15 | DEBUG   | warm-up round 47/100 gen_loss=0.1285
2026-08-26 07:36:28 | DEBUG   | warm-up round 48/100 gen_loss=0.1303
2026-08-26 07:45:54 | DEBUG   | warm-up round 49/100 gen_loss=0.1269
2026-08-26 07:54:38 | DEBUG   | warm-up round 50/100 gen_loss=0.1295
2026-08-26 08:04:22 | DEBUG   | warm-up round 51/100 gen_loss=0.1284
2026-08-26 08:12:32 | DEBUG   | warm-up round 52/100 gen_loss=0.1270
2026-08-26 08:19:46 | DEBUG   | warm-up round 53/100 gen_loss=0.1236
2026-08-26 08:28:55 | DEBUG   | warm-up round 54/100 gen_loss=0.1239
2026-08-26 08:38:06 | DEBUG   | warm-up round 55/100 gen_loss=0.1256
2026-08-26 08:46:40 | DEBUG   | warm-up round 56/100 gen_loss=0.1207
2026-08-26 08:54:34 | DEBUG   | warm-up round 57/100 gen_loss=0.1247
2026-08-26 09:03:09 | DEBUG   | warm-up round 58/100 gen_loss=0.1230
2026-08-26 09:11:57 | DEBUG   | warm-up round 59/100 gen_loss=0.1246
2026-08-26 09:22:50 | DEBUG   | warm-up round 60/100 gen_loss=0.1229
2026-08-26 09:32:48 | DEBUG   | warm-up round 61/100 gen_loss=0.1256
2026-08-26 09:45:16 | DEBUG   | warm-up round 62/100 gen_loss=0.1253
2026-08-26 09:55:53 | DEBUG   | warm-up round 63/100 gen_loss=0.1255
2026-08-26 10:03:55 | DEBUG   | warm-up round 64/100 gen_loss=0.1222
2026-08-26 10:11:59 | DEBUG   | warm-up round 65/100 gen_loss=0.1243
2026-08-26 10:19:57 | DEBUG   | warm-up round 66/100 gen_loss=0.1227
2026-08-26 10:29:21 | DEBUG   | warm-up round 67/100 gen_loss=0.1239
2026-08-26 10:38:16 | DEBUG   | warm-up round 68/100 gen_loss=0.1233
2026-08-26 10:49:14 | DEBUG   | warm-up round 69/100 gen_loss=0.1183
2026-08-26 10:58:24 | DEBUG   | warm-up round 70/100 gen_loss=0.1223
2026-08-26 11:10:22 | DEBUG   | warm-up round 71/100 gen_loss=0.1224
2026-08-26 11:22:35 | DEBUG   | warm-up round 72/100 gen_loss=0.1210
2026-08-26 11:32:23 | DEBUG   | warm-up round 73/100 gen_loss=0.1196
2026-08-26 11:41:18 | DEBUG   | warm-up round 74/100 gen_loss=0.1249
2026-08-26 11:54:04 | DEBUG   | warm-up round 75/100 gen_loss=0.1221
2026-08-26 12:04:35 | DEBUG   | warm-up round 76/100 gen_loss=0.1212
2026-08-26 12:13:07 | DEBUG   | warm-up round 77/100 gen_loss=0.1191
2026-08-26 12:23:04 | DEBUG   | warm-up round 78/100 gen_loss=0.1191
2026-08-26 12:33:41 | DEBUG   | warm-up round 79/100 gen_loss=0.1224
2026-08-26 12:41:30 | DEBUG   | warm-up round 80/100 gen_loss=0.1215
2026-08-26 12:51:24 | DEBUG   | warm-up round 81/100 gen_loss=0.1215
2026-08-26 13:01:59 | DEBUG   | warm-up round 82/100 gen_loss=0.1230
2026-08-26 13:11:10 | DEBUG   | warm-up round 83/100 gen_loss=0.1234
2026-08-26 13:16:35 | DEBUG   | warm-up round 84/100 gen_loss=0.1176
2026-08-26 13:25:55 | DEBUG   | warm-up round 85/100 gen_loss=0.1185
2026-08-26 13:34:12 | DEBUG   | warm-up round 86/100 gen_loss=0.1199
2026-08-26 13:43:19 | DEBUG   | warm-up round 87/100 gen_loss=0.1208
2026-08-26 13:52:48 | DEBUG   | warm-up round 88/100 gen_loss=0.1179
2026-08-26 13:58:54 | DEBUG   | warm-up round 89/100 gen_loss=0.1178
2026-08-26 14:08:22 | DEBUG   | warm-up round 90/100 gen_loss=0.1187
2026-08-26 14:15:38 | DEBUG   | warm-up round 91/100 gen_loss=0.1188
2026-08-26 14:24:17 | DEBUG   | warm-up round 92/100 gen_loss=0.1196
2026-08-26 14:33:42 | DEBUG   | warm-up round 93/100 gen_loss=0.1205
2026-08-26 14:43:20 | DEBUG   | warm-up round 94/100 gen_loss=0.1235
2026-08-26 14:53:17 | DEBUG   | warm-up round 95/100 gen_loss=0.1219
2026-08-26 15:03:19 | DEBUG   | warm-up round 96/100 gen_loss=0.1203
2026-08-26 15:09:52 | DEBUG   | warm-up round 97/100 gen_loss=0.1178
2026-08-26 15:20:03 | DEBUG   | warm-up round 98/100 gen_loss=0.1169
2026-08-26 15:26:23 | DEBUG   | warm-up round 99/100 gen_loss=0.1192
2026-08-26 15:32:39 | DEBUG   | warm-up round 100/100 gen_loss=0.1188
2026-08-26 15:32:39 | DEBUG   | Round 1 started
