2026-08-22 21:54:02 | INFO    | ======================================================================
2026-08-22 21:54:02 | INFO    | EXPERIMENT: sweep_imb0.01_dir0.3_seed0_baseline
2026-08-22 21:54:02 | INFO    | ======================================================================
2026-08-22 21:54:02 | DEBUG   | Full config: {"num_users": 10, "frac": 1.0, "num_models": 3, "dataset": "cifar10", "data_root": "./data", "img_size": null, "num_workers": 2, "noniid": true, "dir_param": 0.3, "imbalance_factor": 0.01, "max_per_class": null, "partition_seed": 0, "bs": 128, "local_bs": 64, "lr": 0.01, "momentum": 0.9, "weight_decay": 0.0, "optimizer": "sgd", "seed": 0, "num_experiment": 1, "device": "cuda", "gen_wu_epochs": 10, "epochs": 100, "local_ep": 2, "gen_local_ep": 2, "aid_by_gen": 1, "freeze_gen": 0, "synth_batch": 64, "gen_model": "vae", "latent_size": 64, "gen_lr": 0.001, "gen_channels": 64, "b1": 0.5, "b2": 0.999, "n_feat": 64, "n_T": 200, "guide_w": 0.3, "target_models": "cnn_small,cnn_deep,mobilenet_lite", "mechanism_a": 0, "mech_a_beta": 0.999, "mechanism_b": 0, "mech_b_ema_decay": 0.6, "mech_b_init_fidelity": 0.15, "creff_feat_dim": 128, "creff_rounds": 15, "creff_synth_per_class": 100, "creff_head_retrain_steps": 300, "sample_test": 5, "eval_centralized_upper_bound": 1, "centralized_epochs": 20, "name": "sweep_imb0.01_dir0.3_seed0_baseline", "out_dir": "./logs", "ckpt_dir": "./checkpoint", "save_ckpt": 1, "wandb": 0, "wandb_proj_name": "gefl-classbalanced", "verbose": 1, "tensorboard": 0, "log_per_class": 1, "log_per_client": 0, "plot_every": 0, "save_synthetic_samples": 1, "show_plots": 0, "target_models_list": ["cnn_small", "cnn_deep", "mobilenet_lite"]}
2026-08-22 21:54:04 | INFO    | dataset=cifar10 classes=10 clients=10 imbalance_factor=0.010 dir_param=0.300 gen_model=vae mechanism_a=0 mechanism_b=0
2026-08-22 21:54:10 | INFO    | Saved data distribution plot
2026-08-22 21:54:10 | INFO    | warm-up: training shared vae generator for 10 rounds
2026-08-22 21:54:30 | DEBUG   | warm-up round 1/10 gen_loss=0.6570
2026-08-22 21:54:47 | DEBUG   | warm-up round 2/10 gen_loss=0.5267
2026-08-22 21:55:05 | DEBUG   | warm-up round 3/10 gen_loss=0.4673
2026-08-22 21:55:23 | DEBUG   | warm-up round 4/10 gen_loss=0.4409
2026-08-22 21:55:41 | DEBUG   | warm-up round 5/10 gen_loss=0.4316
2026-08-22 21:55:59 | DEBUG   | warm-up round 6/10 gen_loss=0.4219
2026-08-22 21:56:19 | DEBUG   | warm-up round 7/10 gen_loss=0.4087
2026-08-22 21:56:41 | DEBUG   | warm-up round 8/10 gen_loss=0.4054
2026-08-22 21:57:02 | DEBUG   | warm-up round 9/10 gen_loss=0.3975
2026-08-22 21:57:23 | DEBUG   | warm-up round 10/10 gen_loss=0.3915
2026-08-22 21:57:23 | DEBUG   | Round 1 started
2026-08-22 21:58:07 | DEBUG   | Round 2 started
2026-08-22 21:58:53 | DEBUG   | Round 3 started
2026-08-22 21:59:38 | DEBUG   | Round 4 started
2026-08-22 22:00:24 | DEBUG   | Round 5 started
2026-08-22 22:02:10 | INFO    | step=5  round=5  train_loss=1.7072  gen_loss=0.3759  acc_overall=0.1917  acc_head=0.5041  acc_medium=0.1320  acc_tail=0.0022  macro_f1=0.1040  class_balanced_accuracy=0.2092  gen_time=24.8130  target_time=17.0670  eval_time=64.4030  wall_time=488.4000
2026-08-22 22:02:11 | DEBUG   | Round 6 started
2026-08-22 22:02:55 | DEBUG   | Round 7 started
2026-08-22 22:03:44 | DEBUG   | Round 8 started
2026-08-22 22:04:36 | DEBUG   | Round 9 started
2026-08-22 22:05:29 | DEBUG   | Round 10 started
2026-08-22 22:07:29 | INFO    | step=10  round=10  train_loss=1.6232  gen_loss=0.3695  acc_overall=0.2108  acc_head=0.5011  acc_medium=0.1798  acc_tail=0.0162  macro_f1=0.1547  class_balanced_accuracy=0.2467  gen_time=25.1120  target_time=19.9270  eval_time=74.9380  wall_time=807.7000
2026-08-22 22:07:30 | DEBUG   | Round 11 started
2026-08-22 22:08:10 | DEBUG   | Round 12 started
2026-08-22 22:08:50 | DEBUG   | Round 13 started
2026-08-22 22:09:30 | DEBUG   | Round 14 started
2026-08-22 22:10:11 | DEBUG   | Round 15 started
2026-08-22 22:12:06 | INFO    | step=15  round=15  train_loss=1.5472  gen_loss=0.3634  acc_overall=0.2356  acc_head=0.5291  acc_medium=0.2080  acc_tail=0.0361  macro_f1=0.2093  class_balanced_accuracy=0.2977  gen_time=22.8580  target_time=17.7450  eval_time=73.8530  wall_time=1084.2000
2026-08-22 22:12:06 | DEBUG   | Round 16 started
2026-08-22 22:12:50 | DEBUG   | Round 17 started
2026-08-22 22:13:34 | DEBUG   | Round 18 started
2026-08-22 22:14:14 | DEBUG   | Round 19 started
2026-08-22 22:14:57 | DEBUG   | Round 20 started
2026-08-22 22:17:03 | INFO    | step=20  round=20  train_loss=1.4988  gen_loss=0.3597  acc_overall=0.2415  acc_head=0.5450  acc_medium=0.1928  acc_tail=0.0504  macro_f1=0.2140  class_balanced_accuracy=0.2982  gen_time=24.0890  target_time=19.9780  eval_time=81.2490  wall_time=1381.1000
2026-08-22 22:17:03 | DEBUG   | Round 21 started
2026-08-22 22:17:43 | DEBUG   | Round 22 started
2026-08-22 22:18:24 | DEBUG   | Round 23 started
2026-08-22 22:19:05 | DEBUG   | Round 24 started
2026-08-22 22:19:47 | DEBUG   | Round 25 started
2026-08-22 22:21:35 | INFO    | step=25  round=25  train_loss=1.4589  gen_loss=0.3576  acc_overall=0.2513  acc_head=0.5554  acc_medium=0.2272  acc_tail=0.0412  macro_f1=0.2322  class_balanced_accuracy=0.3111  gen_time=21.8430  target_time=18.1510  eval_time=68.6650  wall_time=1653.7000
2026-08-22 22:21:36 | DEBUG   | Round 26 started
2026-08-22 22:22:16 | DEBUG   | Round 27 started
2026-08-22 22:22:57 | DEBUG   | Round 28 started
2026-08-22 22:23:39 | DEBUG   | Round 29 started
2026-08-22 22:24:24 | DEBUG   | Round 30 started
2026-08-22 22:26:24 | INFO    | step=30  round=30  train_loss=1.4192  gen_loss=0.3546  acc_overall=0.2530  acc_head=0.5793  acc_medium=0.1852  acc_tail=0.0592  macro_f1=0.2273  class_balanced_accuracy=0.3074  gen_time=22.7270  target_time=19.5590  eval_time=77.6380  wall_time=1942.0000
2026-08-22 22:26:24 | DEBUG   | Round 31 started
2026-08-22 22:27:11 | DEBUG   | Round 32 started
2026-08-22 22:27:54 | DEBUG   | Round 33 started
2026-08-22 22:28:35 | DEBUG   | Round 34 started
2026-08-22 22:29:17 | DEBUG   | Round 35 started
2026-08-22 22:31:17 | INFO    | step=35  round=35  train_loss=1.3668  gen_loss=0.3517  acc_overall=0.2562  acc_head=0.5958  acc_medium=0.1841  acc_tail=0.0555  macro_f1=0.2344  class_balanced_accuracy=0.3131  gen_time=22.2580  target_time=19.0600  eval_time=78.6450  wall_time=2235.5000
2026-08-22 22:31:18 | DEBUG   | Round 36 started
2026-08-22 22:32:03 | DEBUG   | Round 37 started
2026-08-22 22:32:51 | DEBUG   | Round 38 started
2026-08-22 22:33:39 | DEBUG   | Round 39 started
2026-08-22 22:34:23 | DEBUG   | Round 40 started
2026-08-22 22:36:26 | INFO    | step=40  round=40  train_loss=1.3481  gen_loss=0.3484  acc_overall=0.2611  acc_head=0.5788  acc_medium=0.2270  acc_tail=0.0485  macro_f1=0.2296  class_balanced_accuracy=0.3120  gen_time=22.5760  target_time=19.3310  eval_time=80.9860  wall_time=2544.8000
2026-08-22 22:36:27 | DEBUG   | Round 41 started
2026-08-22 22:37:09 | DEBUG   | Round 42 started
2026-08-22 22:37:51 | DEBUG   | Round 43 started
2026-08-22 22:38:34 | DEBUG   | Round 44 started
2026-08-22 22:39:18 | DEBUG   | Round 45 started
2026-08-22 22:41:21 | INFO    | step=45  round=45  train_loss=1.3128  gen_loss=0.3490  acc_overall=0.2735  acc_head=0.6000  acc_medium=0.2204  acc_tail=0.0686  macro_f1=0.2491  class_balanced_accuracy=0.3270  gen_time=22.1840  target_time=19.3640  eval_time=81.0500  wall_time=2839.5000
2026-08-22 22:41:22 | DEBUG   | Round 46 started
2026-08-22 22:42:02 | DEBUG   | Round 47 started
2026-08-22 22:42:43 | DEBUG   | Round 48 started
2026-08-22 22:43:24 | DEBUG   | Round 49 started
2026-08-22 22:44:07 | DEBUG   | Round 50 started
2026-08-22 22:46:09 | INFO    | step=50  round=50  train_loss=1.2891  gen_loss=0.3483  acc_overall=0.2723  acc_head=0.5939  acc_medium=0.2308  acc_tail=0.0624  macro_f1=0.2399  class_balanced_accuracy=0.3210  gen_time=22.3210  target_time=18.9750  eval_time=80.7060  wall_time=3127.1000
2026-08-22 22:46:09 | DEBUG   | Round 51 started
2026-08-22 22:46:51 | DEBUG   | Round 52 started
2026-08-22 22:47:33 | DEBUG   | Round 53 started
2026-08-22 22:48:15 | DEBUG   | Round 54 started
2026-08-22 22:48:57 | DEBUG   | Round 55 started
2026-08-22 22:50:59 | INFO    | step=55  round=55  train_loss=1.2502  gen_loss=0.3436  acc_overall=0.2949  acc_head=0.5970  acc_medium=0.2677  acc_tail=0.0886  macro_f1=0.2599  class_balanced_accuracy=0.3388  gen_time=22.1760  target_time=18.8250  eval_time=80.2140  wall_time=3416.9000
2026-08-22 22:50:59 | DEBUG   | Round 56 started
2026-08-22 22:51:40 | DEBUG   | Round 57 started
2026-08-22 22:52:23 | DEBUG   | Round 58 started
2026-08-22 22:53:04 | DEBUG   | Round 59 started
2026-08-22 22:53:46 | DEBUG   | Round 60 started
2026-08-22 22:55:48 | INFO    | step=60  round=60  train_loss=1.2163  gen_loss=0.3432  acc_overall=0.2888  acc_head=0.5935  acc_medium=0.2539  acc_tail=0.0865  macro_f1=0.2546  class_balanced_accuracy=0.3314  gen_time=22.8710  target_time=18.9310  eval_time=79.7510  wall_time=3706.1000
2026-08-22 22:55:48 | DEBUG   | Round 61 started
2026-08-22 22:56:30 | DEBUG   | Round 62 started
2026-08-22 22:57:14 | DEBUG   | Round 63 started
2026-08-22 22:57:54 | DEBUG   | Round 64 started
2026-08-22 22:58:31 | DEBUG   | Round 65 started
2026-08-22 23:00:11 | INFO    | step=65  round=65  train_loss=1.2066  gen_loss=0.3432  acc_overall=0.2834  acc_head=0.6015  acc_medium=0.2496  acc_tail=0.0702  macro_f1=0.2600  class_balanced_accuracy=0.3347  gen_time=20.2560  target_time=13.4780  eval_time=66.2900  wall_time=3969.3000
2026-08-22 23:00:11 | DEBUG   | Round 66 started
2026-08-22 23:00:51 | DEBUG   | Round 67 started
2026-08-22 23:01:31 | DEBUG   | Round 68 started
2026-08-22 23:02:12 | DEBUG   | Round 69 started
2026-08-22 23:02:50 | DEBUG   | Round 70 started
2026-08-22 23:04:36 | INFO    | step=70  round=70  train_loss=1.1709  gen_loss=0.3410  acc_overall=0.2971  acc_head=0.5864  acc_medium=0.2701  acc_tail=0.1005  macro_f1=0.2656  class_balanced_accuracy=0.3348  gen_time=20.2310  target_time=16.8430  eval_time=69.0990  wall_time=4234.3000
2026-08-22 23:04:36 | DEBUG   | Round 71 started
2026-08-22 23:05:15 | DEBUG   | Round 72 started
2026-08-22 23:05:52 | DEBUG   | Round 73 started
2026-08-22 23:06:30 | DEBUG   | Round 74 started
2026-08-22 23:07:08 | DEBUG   | Round 75 started
2026-08-22 23:08:53 | INFO    | step=75  round=75  train_loss=1.1520  gen_loss=0.3392  acc_overall=0.3048  acc_head=0.5984  acc_medium=0.2590  acc_tail=0.1188  macro_f1=0.2627  class_balanced_accuracy=0.3370  gen_time=20.0880  target_time=16.8750  eval_time=68.5670  wall_time=4491.5000
2026-08-22 23:08:54 | DEBUG   | Round 76 started
2026-08-22 23:09:31 | DEBUG   | Round 77 started
2026-08-22 23:10:09 | DEBUG   | Round 78 started
2026-08-22 23:10:46 | DEBUG   | Round 79 started
2026-08-22 23:11:24 | DEBUG   | Round 80 started
2026-08-22 23:13:08 | INFO    | step=80  round=80  train_loss=1.1416  gen_loss=0.3388  acc_overall=0.2975  acc_head=0.5858  acc_medium=0.2791  acc_tail=0.0951  macro_f1=0.2623  class_balanced_accuracy=0.3379  gen_time=19.5840  target_time=16.8500  eval_time=67.7010  wall_time=4746.2000
2026-08-22 23:13:08 | DEBUG   | Round 81 started
2026-08-22 23:13:45 | DEBUG   | Round 82 started
2026-08-22 23:14:22 | DEBUG   | Round 83 started
2026-08-22 23:15:00 | DEBUG   | Round 84 started
2026-08-22 23:15:38 | DEBUG   | Round 85 started
2026-08-22 23:17:23 | INFO    | step=85  round=85  train_loss=1.1221  gen_loss=0.3377  acc_overall=0.3154  acc_head=0.6057  acc_medium=0.2840  acc_tail=0.1212  macro_f1=0.2812  class_balanced_accuracy=0.3494  gen_time=19.8890  target_time=17.0650  eval_time=68.3280  wall_time=5001.4000
2026-08-22 23:17:24 | DEBUG   | Round 86 started
2026-08-22 23:18:01 | DEBUG   | Round 87 started
2026-08-22 23:18:39 | DEBUG   | Round 88 started
2026-08-22 23:19:25 | DEBUG   | Round 89 started
2026-08-22 23:20:06 | DEBUG   | Round 90 started
2026-08-22 23:21:53 | INFO    | step=90  round=90  train_loss=1.0944  gen_loss=0.3370  acc_overall=0.2958  acc_head=0.5830  acc_medium=0.2717  acc_tail=0.0985  macro_f1=0.2681  class_balanced_accuracy=0.3429  gen_time=21.0510  target_time=17.5030  eval_time=68.5870  wall_time=5271.3000
2026-08-22 23:21:53 | DEBUG   | Round 91 started
2026-08-22 23:22:32 | DEBUG   | Round 92 started
2026-08-22 23:23:30 | DEBUG   | Round 93 started
2026-08-22 23:24:17 | DEBUG   | Round 94 started
2026-08-22 23:24:52 | DEBUG   | Round 95 started
2026-08-22 23:26:16 | INFO    | step=95  round=95  train_loss=1.0714  gen_loss=0.3364  acc_overall=0.3077  acc_head=0.5917  acc_medium=0.2768  acc_tail=0.1179  macro_f1=0.2593  class_balanced_accuracy=0.3338  gen_time=19.0480  target_time=13.6140  eval_time=51.0840  wall_time=5534.1000
2026-08-22 23:26:16 | DEBUG   | Round 96 started
2026-08-22 23:26:47 | DEBUG   | Round 97 started
2026-08-22 23:27:18 | DEBUG   | Round 98 started
2026-08-22 23:27:48 | DEBUG   | Round 99 started
2026-08-22 23:28:18 | DEBUG   | Round 100 started
2026-08-22 23:30:14 | INFO    | step=100  round=100  train_loss=1.0594  gen_loss=0.3359  acc_overall=0.3132  acc_head=0.6008  acc_medium=0.2873  acc_tail=0.1169  macro_f1=0.2867  class_balanced_accuracy=0.3493  gen_time=19.9550  target_time=18.9670  eval_time=77.2230  wall_time=5772.6000
2026-08-22 23:39:54 | INFO    | centralized upper bound: {'head': 0.7016666666666667, 'medium': 0.6276666666666667, 'tail': 0.80075, 'overall': 0.7191}
2026-08-22 23:39:54 | INFO    | centralized-vs-federated gap: {'head': 0.1009, 'medium': 0.3404, 'tail': 0.6838, 'overall': 0.4059}
2026-08-22 23:39:56 | INFO    | MND privacy ratio: 0.9979 (near 1 = no detectable memorization signal)
2026-08-22 23:40:10 | INFO    | ======================================================================
2026-08-22 23:40:10 | INFO    | EXPERIMENT SUMMARY
2026-08-22 23:40:10 | INFO    | ======================================================================
2026-08-22 23:40:10 | INFO    |   acc_overall                     0.3132
2026-08-22 23:40:10 | INFO    |   acc_head                        0.6008
2026-08-22 23:40:10 | INFO    |   acc_medium                      0.2873
2026-08-22 23:40:10 | INFO    |   acc_tail                        0.1169
2026-08-22 23:40:10 | INFO    |   macro_f1                        0.2867
2026-08-22 23:40:10 | INFO    |   class_balanced_accuracy         0.3493
2026-08-22 23:40:10 | INFO    |   train_loss                      1.0594
2026-08-22 23:40:10 | INFO    |   mnd_ratio                       0.9979
2026-08-22 23:40:10 | INFO    |   centralized_gap                 {'head': '0.1009', 'medium': '0.3404', 'tail': '0.6838', 'overall': '0.4059'}
2026-08-22 23:40:10 | INFO    |   total_time_s                    6167.1000
2026-08-22 23:40:10 | INFO    | ======================================================================
2026-08-22 23:40:10 | INFO    | Logs saved: CSV=./logs\sweep_imb0.01_dir0.3_seed0_baseline_1787415842.csv  JSONL=./logs\sweep_imb0.01_dir0.3_seed0_baseline_metrics.jsonl
